../Core/Src/main.c:68:5:_write	1
../Core/Src/main.c:74:5:_io_putchar	1
../Core/Src/main.c:89:6:get_time	1
../Core/Src/main.c:108:6:delay_us	2
../Core/Src/main.c:112:6:Set_Pin_Output	1
../Core/Src/main.c:121:6:Set_Pin_Input	1
../Core/Src/main.c:129:6:DHT11_Start	1
../Core/Src/main.c:136:9:DHT11_Check_Response	4
../Core/Src/main.c:150:9:DHT11_Read	5
../Core/Src/main.c:172:5:main	1
../Core/Src/main.c:228:6:SystemClock_Config	3
../Core/Src/main.c:274:13:MX_NVIC_Init	1
../Core/Src/main.c:282:6:HAL_TIM_PeriodElapsedCallback	2
../Core/Src/main.c:316:6:Error_Handler	1
