03:15:38 **** Incremental Build of configuration Debug for project 7segment_switch ****
make -j12 all 
arm-none-eabi-gcc "../Core/Src/main.c" -mcpu=cortex-m4 -std=gnu11 -g3 -DDEBUG -DUSE_HAL_DRIVER -DSTM32F429xx -c -I../Core/Inc -I../Drivers/STM32F4xx_HAL_Driver/Inc -I../Drivers/STM32F4xx_HAL_Driver/Inc/Legacy -I../Drivers/CMSIS/Device/ST/STM32F4xx/Include -I../Drivers/CMSIS/Include -O0 -ffunction-sections -fdata-sections -Wall -fstack-usage -fcyclomatic-complexity -MMD -MP -MF"Core/Src/main.d" -MT"Core/Src/main.o" --specs=nano.specs -mfpu=fpv4-sp-d16 -mfloat-abi=hard -mthumb -o "Core/Src/main.o"
arm-none-eabi-gcc -o "7segment_switch.elf" @"objects.list"   -mcpu=cortex-m4 -T"D:\Nelly\workspace\STM32CubeIDE\7segment_switch\STM32F429ZITX_FLASH.ld" --specs=nosys.specs -Wl,-Map="7segment_switch.map" -Wl,--gc-sections -static --specs=nano.specs -mfpu=fpv4-sp-d16 -mfloat-abi=hard -mthumb -Wl,--start-group -lc -lm -Wl,--end-group
Finished building target: 7segment_switch.elf
 
arm-none-eabi-size   7segment_switch.elf 
arm-none-eabi-objdump -h -S  7segment_switch.elf  > "7segment_switch.list"
   text	   data	    bss	    dec	    hex	filename
  13048	     20	   3492	  16560	   40b0	7segment_switch.elf
Finished building: default.size.stdout
 
Finished building: 7segment_switch.list
 

03:15:39 Build Finished. 0 errors, 0 warnings. (took 828ms)

