11:44:36 **** Incremental Build of configuration Debug for project BluetoothAlarmClock ****
make -j8 all 
arm-none-eabi-gcc "../Core/Src/main.c" -mcpu=cortex-m4 -std=gnu11 -g3 -DDEBUG -DUSE_HAL_DRIVER -DSTM32F429xx -c -I../Core/Inc -I../Drivers/STM32F4xx_HAL_Driver/Inc -I../Drivers/STM32F4xx_HAL_Driver/Inc/Legacy -I../Drivers/CMSIS/Device/ST/STM32F4xx/Include -I../Drivers/CMSIS/Include -O0 -ffunction-sections -fdata-sections -Wall -fstack-usage -fcyclomatic-complexity -MMD -MP -MF"Core/Src/main.d" -MT"Core/Src/main.o" --specs=nano.specs -mfpu=fpv4-sp-d16 -mfloat-abi=hard -mthumb -o "Core/Src/main.o"
arm-none-eabi-gcc -o "BluetoothAlarmClock.elf" @"objects.list"   -mcpu=cortex-m4 -T"C:\Users\CHOI_JIN_WOO\Desktop\workspace\STM32CubeIDE\BluetoothAlarmClock\STM32F429ZITX_FLASH.ld" --specs=nosys.specs -Wl,-Map="BluetoothAlarmClock.map" -Wl,--gc-sections -static --specs=nano.specs -mfpu=fpv4-sp-d16 -mfloat-abi=hard -mthumb -Wl,--start-group -lc -lm -Wl,--end-group
Finished building target: BluetoothAlarmClock.elf
 
arm-none-eabi-size   BluetoothAlarmClock.elf 
arm-none-eabi-objdump -h -S  BluetoothAlarmClock.elf  > "BluetoothAlarmClock.list"
   text	   data	    bss	    dec	    hex	filename
  32624	    112	   4376	  37112	   90f8	BluetoothAlarmClock.elf
Finished building: default.size.stdout
 
Finished building: BluetoothAlarmClock.list
 

11:44:37 Build Finished. 0 errors, 0 warnings. (took 1s.228ms)

