01:34:19 **** Incremental Build of configuration Debug for project DAC_ADC ****
make -j12 all 
arm-none-eabi-gcc "../Core/Src/main.c" -mcpu=cortex-m4 -std=gnu11 -g3 -DDEBUG -DUSE_HAL_DRIVER -DSTM32F429xx -c -I../Core/Inc -I../Drivers/STM32F4xx_HAL_Driver/Inc -I../Drivers/STM32F4xx_HAL_Driver/Inc/Legacy -I../Drivers/CMSIS/Device/ST/STM32F4xx/Include -I../Drivers/CMSIS/Include -O0 -ffunction-sections -fdata-sections -Wall -fstack-usage -fcyclomatic-complexity -MMD -MP -MF"Core/Src/main.d" -MT"Core/Src/main.o" --specs=nano.specs -mfpu=fpv4-sp-d16 -mfloat-abi=hard -mthumb -o "Core/Src/main.o"
arm-none-eabi-gcc -o "DAC_ADC.elf" @"objects.list"   -mcpu=cortex-m4 -T"D:\Nelly\workspace\STM32CubeIDE\DAC_ADC\STM32F429ZITX_FLASH.ld" --specs=nosys.specs -Wl,-Map="DAC_ADC.map" -Wl,--gc-sections -static --specs=nano.specs -mfpu=fpv4-sp-d16 -mfloat-abi=hard -mthumb -Wl,--start-group -lc -lm -Wl,--end-group
Finished building target: DAC_ADC.elf
 
arm-none-eabi-size   DAC_ADC.elf 
arm-none-eabi-objdump -h -S  DAC_ADC.elf  > "DAC_ADC.list"
   text	   data	    bss	    dec	    hex	filename
  22156	    104	   3976	  26236	   667c	DAC_ADC.elf
Finished building: default.size.stdout
 
Finished building: DAC_ADC.list
 

01:34:19 Build Finished. 0 errors, 0 warnings. (took 861ms)

