01:45:04 **** Build of configuration Debug for project 7segment_switch ****
make -j12 all 
arm-none-eabi-gcc "../Drivers/STM32F4xx_HAL_Driver/Src/stm32f4xx_hal.c" -mcpu=cortex-m4 -std=gnu11 -g3 -DDEBUG -DUSE_HAL_DRIVER -DSTM32F429xx -c -I../Core/Inc -I../Drivers/STM32F4xx_HAL_Driver/Inc -I../Drivers/STM32F4xx_HAL_Driver/Inc/Legacy -I../Drivers/CMSIS/Device/ST/STM32F4xx/Include -I../Drivers/CMSIS/Include -O0 -ffunction-sections -fdata-sections -Wall -fstack-usage -fcyclomatic-complexity -MMD -MP -MF"Drivers/STM32F4xx_HAL_Driver/Src/stm32f4xx_hal.d" -MT"Drivers/STM32F4xx_HAL_Driver/Src/stm32f4xx_hal.o" --specs=nano.specs -mfpu=fpv4-sp-d16 -mfloat-abi=hard -mthumb -o "Drivers/STM32F4xx_HAL_Driver/Src/stm32f4xx_hal.o"
arm-none-eabi-gcc "../Drivers/STM32F4xx_HAL_Driver/Src/stm32f4xx_hal_cortex.c" -mcpu=cortex-m4 -std=gnu11 -g3 -DDEBUG -DUSE_HAL_DRIVER -DSTM32F429xx -c -I../Core/Inc -I../Drivers/STM32F4xx_HAL_Driver/Inc -I../Drivers/STM32F4xx_HAL_Driver/Inc/Legacy -I../Drivers/CMSIS/Device/ST/STM32F4xx/Include -I../Drivers/CMSIS/Include -O0 -ffunction-sections -fdata-sections -Wall -fstack-usage -fcyclomatic-complexity -MMD -MP -MF"Drivers/STM32F4xx_HAL_Driver/Src/stm32f4xx_hal_cortex.d" -MT"Drivers/STM32F4xx_HAL_Driver/Src/stm32f4xx_hal_cortex.o" --specs=nano.specs -mfpu=fpv4-sp-d16 -mfloat-abi=hard -mthumb -o "Drivers/STM32F4xx_HAL_Driver/Src/stm32f4xx_hal_cortex.o"
arm-none-eabi-gcc "../Drivers/STM32F4xx_HAL_Driver/Src/stm32f4xx_hal_dma.c" -mcpu=cortex-m4 -std=gnu11 -g3 -DDEBUG -DUSE_HAL_DRIVER -DSTM32F429xx -c -I../Core/Inc -I../Drivers/STM32F4xx_HAL_Driver/Inc -I../Drivers/STM32F4xx_HAL_Driver/Inc/Legacy -I../Drivers/CMSIS/Device/ST/STM32F4xx/Include -I../Drivers/CMSIS/Include -O0 -ffunction-sections -fdata-sections -Wall -fstack-usage -fcyclomatic-complexity -MMD -MP -MF"Drivers/STM32F4xx_HAL_Driver/Src/stm32f4xx_hal_dma.d" -MT"Drivers/STM32F4xx_HAL_Driver/Src/stm32f4xx_hal_dma.o" --specs=nano.specs -mfpu=fpv4-sp-d16 -mfloat-abi=hard -mthumb -o "Drivers/STM32F4xx_HAL_Driver/Src/stm32f4xx_hal_dma.o"
arm-none-eabi-gcc "../Drivers/STM32F4xx_HAL_Driver/Src/stm32f4xx_hal_dma_ex.c" -mcpu=cortex-m4 -std=gnu11 -g3 -DDEBUG -DUSE_HAL_DRIVER -DSTM32F429xx -c -I../Core/Inc -I../Drivers/STM32F4xx_HAL_Driver/Inc -I../Drivers/STM32F4xx_HAL_Driver/Inc/Legacy -I../Drivers/CMSIS/Device/ST/STM32F4xx/Include -I../Drivers/CMSIS/Include -O0 -ffunction-sections -fdata-sections -Wall -fstack-usage -fcyclomatic-complexity -MMD -MP -MF"Drivers/STM32F4xx_HAL_Driver/Src/stm32f4xx_hal_dma_ex.d" -MT"Drivers/STM32F4xx_HAL_Driver/Src/stm32f4xx_hal_dma_ex.o" --specs=nano.specs -mfpu=fpv4-sp-d16 -mfloat-abi=hard -mthumb -o "Drivers/STM32F4xx_HAL_Driver/Src/stm32f4xx_hal_dma_ex.o"
arm-none-eabi-gcc "../Drivers/STM32F4xx_HAL_Driver/Src/stm32f4xx_hal_eth.c" -mcpu=cortex-m4 -std=gnu11 -g3 -DDEBUG -DUSE_HAL_DRIVER -DSTM32F429xx -c -I../Core/Inc -I../Drivers/STM32F4xx_HAL_Driver/Inc -I../Drivers/STM32F4xx_HAL_Driver/Inc/Legacy -I../Drivers/CMSIS/Device/ST/STM32F4xx/Include -I../Drivers/CMSIS/Include -O0 -ffunction-sections -fdata-sections -Wall -fstack-usage -fcyclomatic-complexity -MMD -MP -MF"Drivers/STM32F4xx_HAL_Driver/Src/stm32f4xx_hal_eth.d" -MT"Drivers/STM32F4xx_HAL_Driver/Src/stm32f4xx_hal_eth.o" --specs=nano.specs -mfpu=fpv4-sp-d16 -mfloat-abi=hard -mthumb -o "Drivers/STM32F4xx_HAL_Driver/Src/stm32f4xx_hal_eth.o"
arm-none-eabi-gcc "../Drivers/STM32F4xx_HAL_Driver/Src/stm32f4xx_hal_exti.c" -mcpu=cortex-m4 -std=gnu11 -g3 -DDEBUG -DUSE_HAL_DRIVER -DSTM32F429xx -c -I../Core/Inc -I../Drivers/STM32F4xx_HAL_Driver/Inc -I../Drivers/STM32F4xx_HAL_Driver/Inc/Legacy -I../Drivers/CMSIS/Device/ST/STM32F4xx/Include -I../Drivers/CMSIS/Include -O0 -ffunction-sections -fdata-sections -Wall -fstack-usage -fcyclomatic-complexity -MMD -MP -MF"Drivers/STM32F4xx_HAL_Driver/Src/stm32f4xx_hal_exti.d" -MT"Drivers/STM32F4xx_HAL_Driver/Src/stm32f4xx_hal_exti.o" --specs=nano.specs -mfpu=fpv4-sp-d16 -mfloat-abi=hard -mthumb -o "Drivers/STM32F4xx_HAL_Driver/Src/stm32f4xx_hal_exti.o"
arm-none-eabi-gcc "../Drivers/STM32F4xx_HAL_Driver/Src/stm32f4xx_hal_flash.c" -mcpu=cortex-m4 -std=gnu11 -g3 -DDEBUG -DUSE_HAL_DRIVER -DSTM32F429xx -c -I../Core/Inc -I../Drivers/STM32F4xx_HAL_Driver/Inc -I../Drivers/STM32F4xx_HAL_Driver/Inc/Legacy -I../Drivers/CMSIS/Device/ST/STM32F4xx/Include -I../Drivers/CMSIS/Include -O0 -ffunction-sections -fdata-sections -Wall -fstack-usage -fcyclomatic-complexity -MMD -MP -MF"Drivers/STM32F4xx_HAL_Driver/Src/stm32f4xx_hal_flash.d" -MT"Drivers/STM32F4xx_HAL_Driver/Src/stm32f4xx_hal_flash.o" --specs=nano.specs -mfpu=fpv4-sp-d16 -mfloat-abi=hard -mthumb -o "Drivers/STM32F4xx_HAL_Driver/Src/stm32f4xx_hal_flash.o"
arm-none-eabi-gcc "../Drivers/STM32F4xx_HAL_Driver/Src/stm32f4xx_hal_flash_ex.c" -mcpu=cortex-m4 -std=gnu11 -g3 -DDEBUG -DUSE_HAL_DRIVER -DSTM32F429xx -c -I../Core/Inc -I../Drivers/STM32F4xx_HAL_Driver/Inc -I../Drivers/STM32F4xx_HAL_Driver/Inc/Legacy -I../Drivers/CMSIS/Device/ST/STM32F4xx/Include -I../Drivers/CMSIS/Include -O0 -ffunction-sections -fdata-sections -Wall -fstack-usage -fcyclomatic-complexity -MMD -MP -MF"Drivers/STM32F4xx_HAL_Driver/Src/stm32f4xx_hal_flash_ex.d" -MT"Drivers/STM32F4xx_HAL_Driver/Src/stm32f4xx_hal_flash_ex.o" --specs=nano.specs -mfpu=fpv4-sp-d16 -mfloat-abi=hard -mthumb -o "Drivers/STM32F4xx_HAL_Driver/Src/stm32f4xx_hal_flash_ex.o"
arm-none-eabi-gcc "../Drivers/STM32F4xx_HAL_Driver/Src/stm32f4xx_hal_flash_ramfunc.c" -mcpu=cortex-m4 -std=gnu11 -g3 -DDEBUG -DUSE_HAL_DRIVER -DSTM32F429xx -c -I../Core/Inc -I../Drivers/STM32F4xx_HAL_Driver/Inc -I../Drivers/STM32F4xx_HAL_Driver/Inc/Legacy -I../Drivers/CMSIS/Device/ST/STM32F4xx/Include -I../Drivers/CMSIS/Include -O0 -ffunction-sections -fdata-sections -Wall -fstack-usage -fcyclomatic-complexity -MMD -MP -MF"Drivers/STM32F4xx_HAL_Driver/Src/stm32f4xx_hal_flash_ramfunc.d" -MT"Drivers/STM32F4xx_HAL_Driver/Src/stm32f4xx_hal_flash_ramfunc.o" --specs=nano.specs -mfpu=fpv4-sp-d16 -mfloat-abi=hard -mthumb -o "Drivers/STM32F4xx_HAL_Driver/Src/stm32f4xx_hal_flash_ramfunc.o"
arm-none-eabi-gcc "../Drivers/STM32F4xx_HAL_Driver/Src/stm32f4xx_hal_gpio.c" -mcpu=cortex-m4 -std=gnu11 -g3 -DDEBUG -DUSE_HAL_DRIVER -DSTM32F429xx -c -I../Core/Inc -I../Drivers/STM32F4xx_HAL_Driver/Inc -I../Drivers/STM32F4xx_HAL_Driver/Inc/Legacy -I../Drivers/CMSIS/Device/ST/STM32F4xx/Include -I../Drivers/CMSIS/Include -O0 -ffunction-sections -fdata-sections -Wall -fstack-usage -fcyclomatic-complexity -MMD -MP -MF"Drivers/STM32F4xx_HAL_Driver/Src/stm32f4xx_hal_gpio.d" -MT"Drivers/STM32F4xx_HAL_Driver/Src/stm32f4xx_hal_gpio.o" --specs=nano.specs -mfpu=fpv4-sp-d16 -mfloat-abi=hard -mthumb -o "Drivers/STM32F4xx_HAL_Driver/Src/stm32f4xx_hal_gpio.o"
arm-none-eabi-gcc "../Drivers/STM32F4xx_HAL_Driver/Src/stm32f4xx_hal_pcd.c" -mcpu=cortex-m4 -std=gnu11 -g3 -DDEBUG -DUSE_HAL_DRIVER -DSTM32F429xx -c -I../Core/Inc -I../Drivers/STM32F4xx_HAL_Driver/Inc -I../Drivers/STM32F4xx_HAL_Driver/Inc/Legacy -I../Drivers/CMSIS/Device/ST/STM32F4xx/Include -I../Drivers/CMSIS/Include -O0 -ffunction-sections -fdata-sections -Wall -fstack-usage -fcyclomatic-complexity -MMD -MP -MF"Drivers/STM32F4xx_HAL_Driver/Src/stm32f4xx_hal_pcd.d" -MT"Drivers/STM32F4xx_HAL_Driver/Src/stm32f4xx_hal_pcd.o" --specs=nano.specs -mfpu=fpv4-sp-d16 -mfloat-abi=hard -mthumb -o "Drivers/STM32F4xx_HAL_Driver/Src/stm32f4xx_hal_pcd.o"
arm-none-eabi-gcc "../Drivers/STM32F4xx_HAL_Driver/Src/stm32f4xx_hal_pcd_ex.c" -mcpu=cortex-m4 -std=gnu11 -g3 -DDEBUG -DUSE_HAL_DRIVER -DSTM32F429xx -c -I../Core/Inc -I../Drivers/STM32F4xx_HAL_Driver/Inc -I../Drivers/STM32F4xx_HAL_Driver/Inc/Legacy -I../Drivers/CMSIS/Device/ST/STM32F4xx/Include -I../Drivers/CMSIS/Include -O0 -ffunction-sections -fdata-sections -Wall -fstack-usage -fcyclomatic-complexity -MMD -MP -MF"Drivers/STM32F4xx_HAL_Driver/Src/stm32f4xx_hal_pcd_ex.d" -MT"Drivers/STM32F4xx_HAL_Driver/Src/stm32f4xx_hal_pcd_ex.o" --specs=nano.specs -mfpu=fpv4-sp-d16 -mfloat-abi=hard -mthumb -o "Drivers/STM32F4xx_HAL_Driver/Src/stm32f4xx_hal_pcd_ex.o"
arm-none-eabi-gcc "../Drivers/STM32F4xx_HAL_Driver/Src/stm32f4xx_hal_pwr.c" -mcpu=cortex-m4 -std=gnu11 -g3 -DDEBUG -DUSE_HAL_DRIVER -DSTM32F429xx -c -I../Core/Inc -I../Drivers/STM32F4xx_HAL_Driver/Inc -I../Drivers/STM32F4xx_HAL_Driver/Inc/Legacy -I../Drivers/CMSIS/Device/ST/STM32F4xx/Include -I../Drivers/CMSIS/Include -O0 -ffunction-sections -fdata-sections -Wall -fstack-usage -fcyclomatic-complexity -MMD -MP -MF"Drivers/STM32F4xx_HAL_Driver/Src/stm32f4xx_hal_pwr.d" -MT"Drivers/STM32F4xx_HAL_Driver/Src/stm32f4xx_hal_pwr.o" --specs=nano.specs -mfpu=fpv4-sp-d16 -mfloat-abi=hard -mthumb -o "Drivers/STM32F4xx_HAL_Driver/Src/stm32f4xx_hal_pwr.o"
arm-none-eabi-gcc "../Drivers/STM32F4xx_HAL_Driver/Src/stm32f4xx_hal_pwr_ex.c" -mcpu=cortex-m4 -std=gnu11 -g3 -DDEBUG -DUSE_HAL_DRIVER -DSTM32F429xx -c -I../Core/Inc -I../Drivers/STM32F4xx_HAL_Driver/Inc -I../Drivers/STM32F4xx_HAL_Driver/Inc/Legacy -I../Drivers/CMSIS/Device/ST/STM32F4xx/Include -I../Drivers/CMSIS/Include -O0 -ffunction-sections -fdata-sections -Wall -fstack-usage -fcyclomatic-complexity -MMD -MP -MF"Drivers/STM32F4xx_HAL_Driver/Src/stm32f4xx_hal_pwr_ex.d" -MT"Drivers/STM32F4xx_HAL_Driver/Src/stm32f4xx_hal_pwr_ex.o" --specs=nano.specs -mfpu=fpv4-sp-d16 -mfloat-abi=hard -mthumb -o "Drivers/STM32F4xx_HAL_Driver/Src/stm32f4xx_hal_pwr_ex.o"
arm-none-eabi-gcc "../Drivers/STM32F4xx_HAL_Driver/Src/stm32f4xx_hal_rcc.c" -mcpu=cortex-m4 -std=gnu11 -g3 -DDEBUG -DUSE_HAL_DRIVER -DSTM32F429xx -c -I../Core/Inc -I../Drivers/STM32F4xx_HAL_Driver/Inc -I../Drivers/STM32F4xx_HAL_Driver/Inc/Legacy -I../Drivers/CMSIS/Device/ST/STM32F4xx/Include -I../Drivers/CMSIS/Include -O0 -ffunction-sections -fdata-sections -Wall -fstack-usage -fcyclomatic-complexity -MMD -MP -MF"Drivers/STM32F4xx_HAL_Driver/Src/stm32f4xx_hal_rcc.d" -MT"Drivers/STM32F4xx_HAL_Driver/Src/stm32f4xx_hal_rcc.o" --specs=nano.specs -mfpu=fpv4-sp-d16 -mfloat-abi=hard -mthumb -o "Drivers/STM32F4xx_HAL_Driver/Src/stm32f4xx_hal_rcc.o"
arm-none-eabi-gcc "../Drivers/STM32F4xx_HAL_Driver/Src/stm32f4xx_hal_rcc_ex.c" -mcpu=cortex-m4 -std=gnu11 -g3 -DDEBUG -DUSE_HAL_DRIVER -DSTM32F429xx -c -I../Core/Inc -I../Drivers/STM32F4xx_HAL_Driver/Inc -I../Drivers/STM32F4xx_HAL_Driver/Inc/Legacy -I../Drivers/CMSIS/Device/ST/STM32F4xx/Include -I../Drivers/CMSIS/Include -O0 -ffunction-sections -fdata-sections -Wall -fstack-usage -fcyclomatic-complexity -MMD -MP -MF"Drivers/STM32F4xx_HAL_Driver/Src/stm32f4xx_hal_rcc_ex.d" -MT"Drivers/STM32F4xx_HAL_Driver/Src/stm32f4xx_hal_rcc_ex.o" --specs=nano.specs -mfpu=fpv4-sp-d16 -mfloat-abi=hard -mthumb -o "Drivers/STM32F4xx_HAL_Driver/Src/stm32f4xx_hal_rcc_ex.o"
arm-none-eabi-gcc "../Drivers/STM32F4xx_HAL_Driver/Src/stm32f4xx_hal_tim.c" -mcpu=cortex-m4 -std=gnu11 -g3 -DDEBUG -DUSE_HAL_DRIVER -DSTM32F429xx -c -I../Core/Inc -I../Drivers/STM32F4xx_HAL_Driver/Inc -I../Drivers/STM32F4xx_HAL_Driver/Inc/Legacy -I../Drivers/CMSIS/Device/ST/STM32F4xx/Include -I../Drivers/CMSIS/Include -O0 -ffunction-sections -fdata-sections -Wall -fstack-usage -fcyclomatic-complexity -MMD -MP -MF"Drivers/STM32F4xx_HAL_Driver/Src/stm32f4xx_hal_tim.d" -MT"Drivers/STM32F4xx_HAL_Driver/Src/stm32f4xx_hal_tim.o" --specs=nano.specs -mfpu=fpv4-sp-d16 -mfloat-abi=hard -mthumb -o "Drivers/STM32F4xx_HAL_Driver/Src/stm32f4xx_hal_tim.o"
arm-none-eabi-gcc "../Drivers/STM32F4xx_HAL_Driver/Src/stm32f4xx_hal_tim_ex.c" -mcpu=cortex-m4 -std=gnu11 -g3 -DDEBUG -DUSE_HAL_DRIVER -DSTM32F429xx -c -I../Core/Inc -I../Drivers/STM32F4xx_HAL_Driver/Inc -I../Drivers/STM32F4xx_HAL_Driver/Inc/Legacy -I../Drivers/CMSIS/Device/ST/STM32F4xx/Include -I../Drivers/CMSIS/Include -O0 -ffunction-sections -fdata-sections -Wall -fstack-usage -fcyclomatic-complexity -MMD -MP -MF"Drivers/STM32F4xx_HAL_Driver/Src/stm32f4xx_hal_tim_ex.d" -MT"Drivers/STM32F4xx_HAL_Driver/Src/stm32f4xx_hal_tim_ex.o" --specs=nano.specs -mfpu=fpv4-sp-d16 -mfloat-abi=hard -mthumb -o "Drivers/STM32F4xx_HAL_Driver/Src/stm32f4xx_hal_tim_ex.o"
arm-none-eabi-gcc "../Drivers/STM32F4xx_HAL_Driver/Src/stm32f4xx_hal_uart.c" -mcpu=cortex-m4 -std=gnu11 -g3 -DDEBUG -DUSE_HAL_DRIVER -DSTM32F429xx -c -I../Core/Inc -I../Drivers/STM32F4xx_HAL_Driver/Inc -I../Drivers/STM32F4xx_HAL_Driver/Inc/Legacy -I../Drivers/CMSIS/Device/ST/STM32F4xx/Include -I../Drivers/CMSIS/Include -O0 -ffunction-sections -fdata-sections -Wall -fstack-usage -fcyclomatic-complexity -MMD -MP -MF"Drivers/STM32F4xx_HAL_Driver/Src/stm32f4xx_hal_uart.d" -MT"Drivers/STM32F4xx_HAL_Driver/Src/stm32f4xx_hal_uart.o" --specs=nano.specs -mfpu=fpv4-sp-d16 -mfloat-abi=hard -mthumb -o "Drivers/STM32F4xx_HAL_Driver/Src/stm32f4xx_hal_uart.o"
arm-none-eabi-gcc "../Drivers/STM32F4xx_HAL_Driver/Src/stm32f4xx_ll_usb.c" -mcpu=cortex-m4 -std=gnu11 -g3 -DDEBUG -DUSE_HAL_DRIVER -DSTM32F429xx -c -I../Core/Inc -I../Drivers/STM32F4xx_HAL_Driver/Inc -I../Drivers/STM32F4xx_HAL_Driver/Inc/Legacy -I../Drivers/CMSIS/Device/ST/STM32F4xx/Include -I../Drivers/CMSIS/Include -O0 -ffunction-sections -fdata-sections -Wall -fstack-usage -fcyclomatic-complexity -MMD -MP -MF"Drivers/STM32F4xx_HAL_Driver/Src/stm32f4xx_ll_usb.d" -MT"Drivers/STM32F4xx_HAL_Driver/Src/stm32f4xx_ll_usb.o" --specs=nano.specs -mfpu=fpv4-sp-d16 -mfloat-abi=hard -mthumb -o "Drivers/STM32F4xx_HAL_Driver/Src/stm32f4xx_ll_usb.o"
arm-none-eabi-gcc -mcpu=cortex-m4 -g3 -DDEBUG -c -x assembler-with-cpp -MMD -MP -MF"Core/Startup/startup_stm32f429zitx.d" -MT"Core/Startup/startup_stm32f429zitx.o" --specs=nano.specs -mfpu=fpv4-sp-d16 -mfloat-abi=hard -mthumb -o "Core/Startup/startup_stm32f429zitx.o" "../Core/Startup/startup_stm32f429zitx.s"
arm-none-eabi-gcc "../Core/Src/eth.c" -mcpu=cortex-m4 -std=gnu11 -g3 -DDEBUG -DUSE_HAL_DRIVER -DSTM32F429xx -c -I../Core/Inc -I../Drivers/STM32F4xx_HAL_Driver/Inc -I../Drivers/STM32F4xx_HAL_Driver/Inc/Legacy -I../Drivers/CMSIS/Device/ST/STM32F4xx/Include -I../Drivers/CMSIS/Include -O0 -ffunction-sections -fdata-sections -Wall -fstack-usage -fcyclomatic-complexity -MMD -MP -MF"Core/Src/eth.d" -MT"Core/Src/eth.o" --specs=nano.specs -mfpu=fpv4-sp-d16 -mfloat-abi=hard -mthumb -o "Core/Src/eth.o"
arm-none-eabi-gcc "../Core/Src/gpio.c" -mcpu=cortex-m4 -std=gnu11 -g3 -DDEBUG -DUSE_HAL_DRIVER -DSTM32F429xx -c -I../Core/Inc -I../Drivers/STM32F4xx_HAL_Driver/Inc -I../Drivers/STM32F4xx_HAL_Driver/Inc/Legacy -I../Drivers/CMSIS/Device/ST/STM32F4xx/Include -I../Drivers/CMSIS/Include -O0 -ffunction-sections -fdata-sections -Wall -fstack-usage -fcyclomatic-complexity -MMD -MP -MF"Core/Src/gpio.d" -MT"Core/Src/gpio.o" --specs=nano.specs -mfpu=fpv4-sp-d16 -mfloat-abi=hard -mthumb -o "Core/Src/gpio.o"
arm-none-eabi-gcc "../Core/Src/main.c" -mcpu=cortex-m4 -std=gnu11 -g3 -DDEBUG -DUSE_HAL_DRIVER -DSTM32F429xx -c -I../Core/Inc -I../Drivers/STM32F4xx_HAL_Driver/Inc -I../Drivers/STM32F4xx_HAL_Driver/Inc/Legacy -I../Drivers/CMSIS/Device/ST/STM32F4xx/Include -I../Drivers/CMSIS/Include -O0 -ffunction-sections -fdata-sections -Wall -fstack-usage -fcyclomatic-complexity -MMD -MP -MF"Core/Src/main.d" -MT"Core/Src/main.o" --specs=nano.specs -mfpu=fpv4-sp-d16 -mfloat-abi=hard -mthumb -o "Core/Src/main.o"
arm-none-eabi-gcc "../Core/Src/stm32f4xx_hal_msp.c" -mcpu=cortex-m4 -std=gnu11 -g3 -DDEBUG -DUSE_HAL_DRIVER -DSTM32F429xx -c -I../Core/Inc -I../Drivers/STM32F4xx_HAL_Driver/Inc -I../Drivers/STM32F4xx_HAL_Driver/Inc/Legacy -I../Drivers/CMSIS/Device/ST/STM32F4xx/Include -I../Drivers/CMSIS/Include -O0 -ffunction-sections -fdata-sections -Wall -fstack-usage -fcyclomatic-complexity -MMD -MP -MF"Core/Src/stm32f4xx_hal_msp.d" -MT"Core/Src/stm32f4xx_hal_msp.o" --specs=nano.specs -mfpu=fpv4-sp-d16 -mfloat-abi=hard -mthumb -o "Core/Src/stm32f4xx_hal_msp.o"
../Core/Src/main.c: In function 'main':
../Core/Src/main.c:100:3: warning: implicit declaration of function 'HAL_TIM_Base_Start_IT'; did you mean 'HAL_DMA_Start_IT'? [-Wimplicit-function-declaration]
  100 |   HAL_TIM_Base_Start_IT(&htim2);
      |   ^~~~~~~~~~~~~~~~~~~~~
      |   HAL_DMA_Start_IT
../Core/Src/main.c:100:26: error: 'htim2' undeclared (first use in this function)
  100 |   HAL_TIM_Base_Start_IT(&htim2);
      |                          ^~~~~
../Core/Src/main.c:100:26: note: each undeclared identifier is reported only once for each function it appears in
../Core/Src/main.c:101:26: error: 'htim3' undeclared (first use in this function)
  101 |   HAL_TIM_Base_Start_IT(&htim3);
      |                          ^~~~~
../Core/Src/main.c:147:38: error: unknown type name 'TIM_HandleTypeDef'; did you mean 'PCD_HandleTypeDef'?
  147 |   void HAL_TIM_PeriodElapsedCallback(TIM_HandleTypeDef *htim) {
      |                                      ^~~~~~~~~~~~~~~~~
      |                                      PCD_HandleTypeDef
../Core/Src/main.c: At top level:
../Core/Src/main.c:61:13: warning: 'MX_TIM2_Init' used but never defined
   61 | static void MX_TIM2_Init(void);
      |             ^~~~~~~~~~~~
../Core/Src/main.c:62:13: warning: 'MX_TIM3_Init' used but never defined
   62 | static void MX_TIM3_Init(void);
      |             ^~~~~~~~~~~~
../Core/Src/main.c:113:8: warning: 'DisplayDigit' defined but not used [-Wunused-function]
  113 |   void DisplayDigit(uint8_t digit) {
      |        ^~~~~~~~~~~~
make: *** [Core/Src/subdir.mk:46: Core/Src/main.o] Error 1
make: *** Waiting for unfinished jobs....
"make -j12 all" terminated with exit code 2. Build might be incomplete.
01:46:00 **** Incremental Build of configuration Debug for project 7segment_switch ****
make -j12 all 
arm-none-eabi-gcc "../Core/Src/main.c" -mcpu=cortex-m4 -std=gnu11 -g3 -DDEBUG -DUSE_HAL_DRIVER -DSTM32F429xx -c -I../Core/Inc -I../Drivers/STM32F4xx_HAL_Driver/Inc -I../Drivers/STM32F4xx_HAL_Driver/Inc/Legacy -I../Drivers/CMSIS/Device/ST/STM32F4xx/Include -I../Drivers/CMSIS/Include -O0 -ffunction-sections -fdata-sections -Wall -fstack-usage -fcyclomatic-complexity -MMD -MP -MF"Core/Src/main.d" -MT"Core/Src/main.o" --specs=nano.specs -mfpu=fpv4-sp-d16 -mfloat-abi=hard -mthumb -o "Core/Src/main.o"
arm-none-eabi-gcc "../Core/Src/stm32f4xx_it.c" -mcpu=cortex-m4 -std=gnu11 -g3 -DDEBUG -DUSE_HAL_DRIVER -DSTM32F429xx -c -I../Core/Inc -I../Drivers/STM32F4xx_HAL_Driver/Inc -I../Drivers/STM32F4xx_HAL_Driver/Inc/Legacy -I../Drivers/CMSIS/Device/ST/STM32F4xx/Include -I../Drivers/CMSIS/Include -O0 -ffunction-sections -fdata-sections -Wall -fstack-usage -fcyclomatic-complexity -MMD -MP -MF"Core/Src/stm32f4xx_it.d" -MT"Core/Src/stm32f4xx_it.o" --specs=nano.specs -mfpu=fpv4-sp-d16 -mfloat-abi=hard -mthumb -o "Core/Src/stm32f4xx_it.o"
arm-none-eabi-gcc "../Core/Src/syscalls.c" -mcpu=cortex-m4 -std=gnu11 -g3 -DDEBUG -DUSE_HAL_DRIVER -DSTM32F429xx -c -I../Core/Inc -I../Drivers/STM32F4xx_HAL_Driver/Inc -I../Drivers/STM32F4xx_HAL_Driver/Inc/Legacy -I../Drivers/CMSIS/Device/ST/STM32F4xx/Include -I../Drivers/CMSIS/Include -O0 -ffunction-sections -fdata-sections -Wall -fstack-usage -fcyclomatic-complexity -MMD -MP -MF"Core/Src/syscalls.d" -MT"Core/Src/syscalls.o" --specs=nano.specs -mfpu=fpv4-sp-d16 -mfloat-abi=hard -mthumb -o "Core/Src/syscalls.o"
arm-none-eabi-gcc "../Core/Src/sysmem.c" -mcpu=cortex-m4 -std=gnu11 -g3 -DDEBUG -DUSE_HAL_DRIVER -DSTM32F429xx -c -I../Core/Inc -I../Drivers/STM32F4xx_HAL_Driver/Inc -I../Drivers/STM32F4xx_HAL_Driver/Inc/Legacy -I../Drivers/CMSIS/Device/ST/STM32F4xx/Include -I../Drivers/CMSIS/Include -O0 -ffunction-sections -fdata-sections -Wall -fstack-usage -fcyclomatic-complexity -MMD -MP -MF"Core/Src/sysmem.d" -MT"Core/Src/sysmem.o" --specs=nano.specs -mfpu=fpv4-sp-d16 -mfloat-abi=hard -mthumb -o "Core/Src/sysmem.o"
arm-none-eabi-gcc "../Core/Src/system_stm32f4xx.c" -mcpu=cortex-m4 -std=gnu11 -g3 -DDEBUG -DUSE_HAL_DRIVER -DSTM32F429xx -c -I../Core/Inc -I../Drivers/STM32F4xx_HAL_Driver/Inc -I../Drivers/STM32F4xx_HAL_Driver/Inc/Legacy -I../Drivers/CMSIS/Device/ST/STM32F4xx/Include -I../Drivers/CMSIS/Include -O0 -ffunction-sections -fdata-sections -Wall -fstack-usage -fcyclomatic-complexity -MMD -MP -MF"Core/Src/system_stm32f4xx.d" -MT"Core/Src/system_stm32f4xx.o" --specs=nano.specs -mfpu=fpv4-sp-d16 -mfloat-abi=hard -mthumb -o "Core/Src/system_stm32f4xx.o"
arm-none-eabi-gcc "../Core/Src/usart.c" -mcpu=cortex-m4 -std=gnu11 -g3 -DDEBUG -DUSE_HAL_DRIVER -DSTM32F429xx -c -I../Core/Inc -I../Drivers/STM32F4xx_HAL_Driver/Inc -I../Drivers/STM32F4xx_HAL_Driver/Inc/Legacy -I../Drivers/CMSIS/Device/ST/STM32F4xx/Include -I../Drivers/CMSIS/Include -O0 -ffunction-sections -fdata-sections -Wall -fstack-usage -fcyclomatic-complexity -MMD -MP -MF"Core/Src/usart.d" -MT"Core/Src/usart.o" --specs=nano.specs -mfpu=fpv4-sp-d16 -mfloat-abi=hard -mthumb -o "Core/Src/usart.o"
arm-none-eabi-gcc "../Core/Src/usb_otg.c" -mcpu=cortex-m4 -std=gnu11 -g3 -DDEBUG -DUSE_HAL_DRIVER -DSTM32F429xx -c -I../Core/Inc -I../Drivers/STM32F4xx_HAL_Driver/Inc -I../Drivers/STM32F4xx_HAL_Driver/Inc/Legacy -I../Drivers/CMSIS/Device/ST/STM32F4xx/Include -I../Drivers/CMSIS/Include -O0 -ffunction-sections -fdata-sections -Wall -fstack-usage -fcyclomatic-complexity -MMD -MP -MF"Core/Src/usb_otg.d" -MT"Core/Src/usb_otg.o" --specs=nano.specs -mfpu=fpv4-sp-d16 -mfloat-abi=hard -mthumb -o "Core/Src/usb_otg.o"
../Core/Src/main.c: In function 'main':
../Core/Src/main.c:100:3: warning: implicit declaration of function 'HAL_TIM_Base_Start_IT'; did you mean 'HAL_DMA_Start_IT'? [-Wimplicit-function-declaration]
  100 |   HAL_TIM_Base_Start_IT(&htim2);
      |   ^~~~~~~~~~~~~~~~~~~~~
      |   HAL_DMA_Start_IT
../Core/Src/main.c:100:26: error: 'htim2' undeclared (first use in this function)
  100 |   HAL_TIM_Base_Start_IT(&htim2);
      |                          ^~~~~
../Core/Src/main.c:100:26: note: each undeclared identifier is reported only once for each function it appears in
../Core/Src/main.c:101:26: error: 'htim3' undeclared (first use in this function)
  101 |   HAL_TIM_Base_Start_IT(&htim3);
      |                          ^~~~~
../Core/Src/main.c:147:38: error: unknown type name 'TIM_HandleTypeDef'; did you mean 'PCD_HandleTypeDef'?
  147 |   void HAL_TIM_PeriodElapsedCallback(TIM_HandleTypeDef *htim) {
      |                                      ^~~~~~~~~~~~~~~~~
      |                                      PCD_HandleTypeDef
../Core/Src/main.c: At top level:
../Core/Src/main.c:61:13: warning: 'MX_TIM2_Init' used but never defined
   61 | static void MX_TIM2_Init(void);
      |             ^~~~~~~~~~~~
../Core/Src/main.c:62:13: warning: 'MX_TIM3_Init' used but never defined
   62 | static void MX_TIM3_Init(void);
      |             ^~~~~~~~~~~~
../Core/Src/main.c:113:8: warning: 'DisplayDigit' defined but not used [-Wunused-function]
  113 |   void DisplayDigit(uint8_t digit) {
      |        ^~~~~~~~~~~~
make: *** [Core/Src/subdir.mk:46: Core/Src/main.o] Error 1
make: *** Waiting for unfinished jobs....
"make -j12 all" terminated with exit code 2. Build might be incomplete.
01:46:14 **** Incremental Build of configuration Debug for project 7segment_switch ****
make -j12 all 
arm-none-eabi-gcc "../Core/Src/main.c" -mcpu=cortex-m4 -std=gnu11 -g3 -DDEBUG -DUSE_HAL_DRIVER -DSTM32F429xx -c -I../Core/Inc -I../Drivers/STM32F4xx_HAL_Driver/Inc -I../Drivers/STM32F4xx_HAL_Driver/Inc/Legacy -I../Drivers/CMSIS/Device/ST/STM32F4xx/Include -I../Drivers/CMSIS/Include -O0 -ffunction-sections -fdata-sections -Wall -fstack-usage -fcyclomatic-complexity -MMD -MP -MF"Core/Src/main.d" -MT"Core/Src/main.o" --specs=nano.specs -mfpu=fpv4-sp-d16 -mfloat-abi=hard -mthumb -o "Core/Src/main.o"
../Core/Src/main.c: In function 'main':
../Core/Src/main.c:100:3: warning: implicit declaration of function 'HAL_TIM_Base_Start_IT'; did you mean 'HAL_DMA_Start_IT'? [-Wimplicit-function-declaration]
  100 |   HAL_TIM_Base_Start_IT(&htim2);
      |   ^~~~~~~~~~~~~~~~~~~~~
      |   HAL_DMA_Start_IT
../Core/Src/main.c:100:26: error: 'htim2' undeclared (first use in this function)
  100 |   HAL_TIM_Base_Start_IT(&htim2);
      |                          ^~~~~
../Core/Src/main.c:100:26: note: each undeclared identifier is reported only once for each function it appears in
../Core/Src/main.c:101:26: error: 'htim3' undeclared (first use in this function)
  101 |   HAL_TIM_Base_Start_IT(&htim3);
      |                          ^~~~~
../Core/Src/main.c:147:38: error: unknown type name 'TIM_HandleTypeDef'; did you mean 'PCD_HandleTypeDef'?
  147 |   void HAL_TIM_PeriodElapsedCallback(TIM_HandleTypeDef *htim) {
      |                                      ^~~~~~~~~~~~~~~~~
      |                                      PCD_HandleTypeDef
../Core/Src/main.c: At top level:
../Core/Src/main.c:61:13: warning: 'MX_TIM2_Init' used but never defined
   61 | static void MX_TIM2_Init(void);
      |             ^~~~~~~~~~~~
../Core/Src/main.c:62:13: warning: 'MX_TIM3_Init' used but never defined
   62 | static void MX_TIM3_Init(void);
      |             ^~~~~~~~~~~~
../Core/Src/main.c:113:8: warning: 'DisplayDigit' defined but not used [-Wunused-function]
  113 |   void DisplayDigit(uint8_t digit) {
      |        ^~~~~~~~~~~~
make: *** [Core/Src/subdir.mk:46: Core/Src/main.o] Error 1
"make -j12 all" terminated with exit code 2. Build might be incomplete.
01:48:16 **** Incremental Build of configuration Debug for project 7segment_switch ****
make -j12 all 
arm-none-eabi-gcc "../Core/Src/main.c" -mcpu=cortex-m4 -std=gnu11 -g3 -DDEBUG -DUSE_HAL_DRIVER -DSTM32F429xx -c -I../Core/Inc -I../Drivers/STM32F4xx_HAL_Driver/Inc -I../Drivers/STM32F4xx_HAL_Driver/Inc/Legacy -I../Drivers/CMSIS/Device/ST/STM32F4xx/Include -I../Drivers/CMSIS/Include -O0 -ffunction-sections -fdata-sections -Wall -fstack-usage -fcyclomatic-complexity -MMD -MP -MF"Core/Src/main.d" -MT"Core/Src/main.o" --specs=nano.specs -mfpu=fpv4-sp-d16 -mfloat-abi=hard -mthumb -o "Core/Src/main.o"
../Core/Src/main.c: In function 'main':
../Core/Src/main.c:100:3: warning: implicit declaration of function 'HAL_TIM_Base_Start_IT'; did you mean 'HAL_DMA_Start_IT'? [-Wimplicit-function-declaration]
  100 |   HAL_TIM_Base_Start_IT(&htim2);
      |   ^~~~~~~~~~~~~~~~~~~~~
      |   HAL_DMA_Start_IT
../Core/Src/main.c:100:26: error: 'htim2' undeclared (first use in this function)
  100 |   HAL_TIM_Base_Start_IT(&htim2);
      |                          ^~~~~
../Core/Src/main.c:100:26: note: each undeclared identifier is reported only once for each function it appears in
../Core/Src/main.c:101:26: error: 'htim3' undeclared (first use in this function)
  101 |   HAL_TIM_Base_Start_IT(&htim3);
      |                          ^~~~~
../Core/Src/main.c:147:38: error: unknown type name 'TIM_HandleTypeDef'; did you mean 'PCD_HandleTypeDef'?
  147 |   void HAL_TIM_PeriodElapsedCallback(TIM_HandleTypeDef *htim) {
      |                                      ^~~~~~~~~~~~~~~~~
      |                                      PCD_HandleTypeDef
../Core/Src/main.c: At top level:
../Core/Src/main.c:61:13: warning: 'MX_TIM2_Init' used but never defined
   61 | static void MX_TIM2_Init(void);
      |             ^~~~~~~~~~~~
../Core/Src/main.c:62:13: warning: 'MX_TIM3_Init' used but never defined
   62 | static void MX_TIM3_Init(void);
      |             ^~~~~~~~~~~~
../Core/Src/main.c:113:8: warning: 'DisplayDigit' defined but not used [-Wunused-function]
  113 |   void DisplayDigit(uint8_t digit) {
      |        ^~~~~~~~~~~~
make: *** [Core/Src/subdir.mk:46: Core/Src/main.o] Error 1
"make -j12 all" terminated with exit code 2. Build might be incomplete.
01:48:47 **** Incremental Build of configuration Debug for project 7segment_switch ****
make -j12 all 
arm-none-eabi-gcc "../Core/Src/main.c" -mcpu=cortex-m4 -std=gnu11 -g3 -DDEBUG -DUSE_HAL_DRIVER -DSTM32F429xx -c -I../Core/Inc -I../Drivers/STM32F4xx_HAL_Driver/Inc -I../Drivers/STM32F4xx_HAL_Driver/Inc/Legacy -I../Drivers/CMSIS/Device/ST/STM32F4xx/Include -I../Drivers/CMSIS/Include -O0 -ffunction-sections -fdata-sections -Wall -fstack-usage -fcyclomatic-complexity -MMD -MP -MF"Core/Src/main.d" -MT"Core/Src/main.o" --specs=nano.specs -mfpu=fpv4-sp-d16 -mfloat-abi=hard -mthumb -o "Core/Src/main.o"
../Core/Src/main.c: In function 'main':
../Core/Src/main.c:100:3: warning: implicit declaration of function 'HAL_TIM_Base_Start_IT'; did you mean 'HAL_DMA_Start_IT'? [-Wimplicit-function-declaration]
  100 |   HAL_TIM_Base_Start_IT(&htim2);
      |   ^~~~~~~~~~~~~~~~~~~~~
      |   HAL_DMA_Start_IT
../Core/Src/main.c:100:26: error: 'htim2' undeclared (first use in this function)
  100 |   HAL_TIM_Base_Start_IT(&htim2);
      |                          ^~~~~
../Core/Src/main.c:100:26: note: each undeclared identifier is reported only once for each function it appears in
../Core/Src/main.c:101:26: error: 'htim3' undeclared (first use in this function)
  101 |   HAL_TIM_Base_Start_IT(&htim3);
      |                          ^~~~~
../Core/Src/main.c:147:38: error: unknown type name 'TIM_HandleTypeDef'; did you mean 'PCD_HandleTypeDef'?
  147 |   void HAL_TIM_PeriodElapsedCallback(TIM_HandleTypeDef *htim) {
      |                                      ^~~~~~~~~~~~~~~~~
      |                                      PCD_HandleTypeDef
../Core/Src/main.c: At top level:
../Core/Src/main.c:61:13: warning: 'MX_TIM2_Init' used but never defined
   61 | static void MX_TIM2_Init(void);
      |             ^~~~~~~~~~~~
../Core/Src/main.c:62:13: warning: 'MX_TIM3_Init' used but never defined
   62 | static void MX_TIM3_Init(void);
      |             ^~~~~~~~~~~~
../Core/Src/main.c:113:8: warning: 'DisplayDigit' defined but not used [-Wunused-function]
  113 |   void DisplayDigit(uint8_t digit) {
      |        ^~~~~~~~~~~~
make: *** [Core/Src/subdir.mk:46: Core/Src/main.o] Error 1
"make -j12 all" terminated with exit code 2. Build might be incomplete.
01:48:52 **** Incremental Build of configuration Debug for project 7segment_switch ****
make -j12 all 
arm-none-eabi-gcc "../Core/Src/main.c" -mcpu=cortex-m4 -std=gnu11 -g3 -DDEBUG -DUSE_HAL_DRIVER -DSTM32F429xx -c -I../Core/Inc -I../Drivers/STM32F4xx_HAL_Driver/Inc -I../Drivers/STM32F4xx_HAL_Driver/Inc/Legacy -I../Drivers/CMSIS/Device/ST/STM32F4xx/Include -I../Drivers/CMSIS/Include -O0 -ffunction-sections -fdata-sections -Wall -fstack-usage -fcyclomatic-complexity -MMD -MP -MF"Core/Src/main.d" -MT"Core/Src/main.o" --specs=nano.specs -mfpu=fpv4-sp-d16 -mfloat-abi=hard -mthumb -o "Core/Src/main.o"
../Core/Src/main.c:62:36: error: unknown type name 'TIM_HandleTypeDef'; did you mean 'PCD_HandleTypeDef'?
   62 | void HAL_TIM_PeriodElapsedCallback(TIM_HandleTypeDef *htim);
      |                                    ^~~~~~~~~~~~~~~~~
      |                                    PCD_HandleTypeDef
../Core/Src/main.c: In function 'main':
../Core/Src/main.c:97:3: warning: implicit declaration of function 'MX_TIM2_Init'; did you mean 'MX_GPIO_Init'? [-Wimplicit-function-declaration]
   97 |   MX_TIM2_Init();
      |   ^~~~~~~~~~~~
      |   MX_GPIO_Init
../Core/Src/main.c:98:3: warning: implicit declaration of function 'MX_TIM3_Init'; did you mean 'MX_GPIO_Init'? [-Wimplicit-function-declaration]
   98 |   MX_TIM3_Init();
      |   ^~~~~~~~~~~~
      |   MX_GPIO_Init
../Core/Src/main.c:144:38: error: unknown type name 'TIM_HandleTypeDef'; did you mean 'PCD_HandleTypeDef'?
  144 |   void HAL_TIM_PeriodElapsedCallback(TIM_HandleTypeDef *htim) {
      |                                      ^~~~~~~~~~~~~~~~~
      |                                      PCD_HandleTypeDef
At top level:
../Core/Src/main.c:110:8: warning: 'DisplayDigit' defined but not used [-Wunused-function]
  110 |   void DisplayDigit(uint8_t digit) {
      |        ^~~~~~~~~~~~
make: *** [Core/Src/subdir.mk:46: Core/Src/main.o] Error 1
"make -j12 all" terminated with exit code 2. Build might be incomplete.
01:49:27 **** Incremental Build of configuration Debug for project 7segment_switch ****
make -j12 all 
arm-none-eabi-gcc "../Core/Src/main.c" -mcpu=cortex-m4 -std=gnu11 -g3 -DDEBUG -DUSE_HAL_DRIVER -DSTM32F429xx -c -I../Core/Inc -I../Drivers/STM32F4xx_HAL_Driver/Inc -I../Drivers/STM32F4xx_HAL_Driver/Inc/Legacy -I../Drivers/CMSIS/Device/ST/STM32F4xx/Include -I../Drivers/CMSIS/Include -O0 -ffunction-sections -fdata-sections -Wall -fstack-usage -fcyclomatic-complexity -MMD -MP -MF"Core/Src/main.d" -MT"Core/Src/main.o" --specs=nano.specs -mfpu=fpv4-sp-d16 -mfloat-abi=hard -mthumb -o "Core/Src/main.o"
../Core/Src/main.c:62:36: error: unknown type name 'TIM_HandleTypeDef'; did you mean 'PCD_HandleTypeDef'?
   62 | void HAL_TIM_PeriodElapsedCallback(TIM_HandleTypeDef *htim);
      |                                    ^~~~~~~~~~~~~~~~~
      |                                    PCD_HandleTypeDef
../Core/Src/main.c: In function 'main':
../Core/Src/main.c:143:38: error: unknown type name 'TIM_HandleTypeDef'; did you mean 'PCD_HandleTypeDef'?
  143 |   void HAL_TIM_PeriodElapsedCallback(TIM_HandleTypeDef *htim) {
      |                                      ^~~~~~~~~~~~~~~~~
      |                                      PCD_HandleTypeDef
At top level:
../Core/Src/main.c:109:8: warning: 'DisplayDigit' defined but not used [-Wunused-function]
  109 |   void DisplayDigit(uint8_t digit) {
      |        ^~~~~~~~~~~~
make: *** [Core/Src/subdir.mk:46: Core/Src/main.o] Error 1
"make -j12 all" terminated with exit code 2. Build might be incomplete.
01:53:22 **** Incremental Build of configuration Debug for project 7segment_switch ****
make -j12 all 
arm-none-eabi-gcc "../Core/Src/main.c" -mcpu=cortex-m4 -std=gnu11 -g3 -DDEBUG -DUSE_HAL_DRIVER -DSTM32F429xx -c -I../Core/Inc -I../Drivers/STM32F4xx_HAL_Driver/Inc -I../Drivers/STM32F4xx_HAL_Driver/Inc/Legacy -I../Drivers/CMSIS/Device/ST/STM32F4xx/Include -I../Drivers/CMSIS/Include -O0 -ffunction-sections -fdata-sections -Wall -fstack-usage -fcyclomatic-complexity -MMD -MP -MF"Core/Src/main.d" -MT"Core/Src/main.o" --specs=nano.specs -mfpu=fpv4-sp-d16 -mfloat-abi=hard -mthumb -o "Core/Src/main.o"
../Core/Src/main.c:63:36: error: unknown type name 'TIM_HandleTypeDef'; did you mean 'PCD_HandleTypeDef'?
   63 | void HAL_TIM_PeriodElapsedCallback(TIM_HandleTypeDef *htim);
      |                                    ^~~~~~~~~~~~~~~~~
      |                                    PCD_HandleTypeDef
../Core/Src/main.c: In function 'main':
../Core/Src/main.c:144:38: error: unknown type name 'TIM_HandleTypeDef'; did you mean 'PCD_HandleTypeDef'?
  144 |   void HAL_TIM_PeriodElapsedCallback(TIM_HandleTypeDef *htim) {
      |                                      ^~~~~~~~~~~~~~~~~
      |                                      PCD_HandleTypeDef
At top level:
../Core/Src/main.c:110:8: warning: 'DisplayDigit' defined but not used [-Wunused-function]
  110 |   void DisplayDigit(uint8_t digit) {
      |        ^~~~~~~~~~~~
make: *** [Core/Src/subdir.mk:46: Core/Src/main.o] Error 1
"make -j12 all" terminated with exit code 2. Build might be incomplete.
01:54:35 **** Incremental Build of configuration Debug for project 7segment_switch ****
make -j12 all 
arm-none-eabi-gcc "../Core/Src/main.c" -mcpu=cortex-m4 -std=gnu11 -g3 -DDEBUG -DUSE_HAL_DRIVER -DSTM32F429xx -c -I../Core/Inc -I../Drivers/STM32F4xx_HAL_Driver/Inc -I../Drivers/STM32F4xx_HAL_Driver/Inc/Legacy -I../Drivers/CMSIS/Device/ST/STM32F4xx/Include -I../Drivers/CMSIS/Include -O0 -ffunction-sections -fdata-sections -Wall -fstack-usage -fcyclomatic-complexity -MMD -MP -MF"Core/Src/main.d" -MT"Core/Src/main.o" --specs=nano.specs -mfpu=fpv4-sp-d16 -mfloat-abi=hard -mthumb -o "Core/Src/main.o"
../Core/Src/main.c:63:36: error: unknown type name 'TIM_HandleTypeDef'; did you mean 'PCD_HandleTypeDef'?
   63 | void HAL_TIM_PeriodElapsedCallback(TIM_HandleTypeDef *htim);
      |                                    ^~~~~~~~~~~~~~~~~
      |                                    PCD_HandleTypeDef
../Core/Src/main.c: In function 'main':
../Core/Src/main.c:144:38: error: unknown type name 'TIM_HandleTypeDef'; did you mean 'PCD_HandleTypeDef'?
  144 |   void HAL_TIM_PeriodElapsedCallback(TIM_HandleTypeDef *htim) {
      |                                      ^~~~~~~~~~~~~~~~~
      |                                      PCD_HandleTypeDef
At top level:
../Core/Src/main.c:110:8: warning: 'DisplayDigit' defined but not used [-Wunused-function]
  110 |   void DisplayDigit(uint8_t digit) {
      |        ^~~~~~~~~~~~
make: *** [Core/Src/subdir.mk:46: Core/Src/main.o] Error 1
"make -j12 all" terminated with exit code 2. Build might be incomplete.
02:07:01 **** Incremental Build of configuration Debug for project 7segment_switch ****
make -j12 all 
arm-none-eabi-gcc "../Core/Src/main.c" -mcpu=cortex-m4 -std=gnu11 -g3 -DDEBUG -DUSE_HAL_DRIVER -DSTM32F429xx -c -I../Core/Inc -I../Drivers/STM32F4xx_HAL_Driver/Inc -I../Drivers/STM32F4xx_HAL_Driver/Inc/Legacy -I../Drivers/CMSIS/Device/ST/STM32F4xx/Include -I../Drivers/CMSIS/Include -O0 -ffunction-sections -fdata-sections -Wall -fstack-usage -fcyclomatic-complexity -MMD -MP -MF"Core/Src/main.d" -MT"Core/Src/main.o" --specs=nano.specs -mfpu=fpv4-sp-d16 -mfloat-abi=hard -mthumb -o "Core/Src/main.o"
arm-none-eabi-gcc -o "7segment_switch.elf" @"objects.list"   -mcpu=cortex-m4 -T"D:\Nelly\workspace\STM32CubeIDE\7segment_switch\STM32F429ZITX_FLASH.ld" --specs=nosys.specs -Wl,-Map="7segment_switch.map" -Wl,--gc-sections -static --specs=nano.specs -mfpu=fpv4-sp-d16 -mfloat-abi=hard -mthumb -Wl,--start-group -lc -lm -Wl,--end-group
Finished building target: 7segment_switch.elf
 
arm-none-eabi-size   7segment_switch.elf 
arm-none-eabi-objdump -h -S  7segment_switch.elf  > "7segment_switch.list"
   text	   data	    bss	    dec	    hex	filename
  13016	     20	   3492	  16528	   4090	7segment_switch.elf
Finished building: default.size.stdout
 
Finished building: 7segment_switch.list
 
02:07:10 **** Incremental Build of configuration Debug for project 7segment_switch ****
make -j12 all 
arm-none-eabi-size   7segment_switch.elf 
   text	   data	    bss	    dec	    hex	filename
  13016	     20	   3492	  16528	   4090	7segment_switch.elf
Finished building: default.size.stdout
 
02:08:28 **** Incremental Build of configuration Debug for project 7segment_switch ****
make -j12 all 
arm-none-eabi-gcc "../Core/Src/main.c" -mcpu=cortex-m4 -std=gnu11 -g3 -DDEBUG -DUSE_HAL_DRIVER -DSTM32F429xx -c -I../Core/Inc -I../Drivers/STM32F4xx_HAL_Driver/Inc -I../Drivers/STM32F4xx_HAL_Driver/Inc/Legacy -I../Drivers/CMSIS/Device/ST/STM32F4xx/Include -I../Drivers/CMSIS/Include -O0 -ffunction-sections -fdata-sections -Wall -fstack-usage -fcyclomatic-complexity -MMD -MP -MF"Core/Src/main.d" -MT"Core/Src/main.o" --specs=nano.specs -mfpu=fpv4-sp-d16 -mfloat-abi=hard -mthumb -o "Core/Src/main.o"
arm-none-eabi-gcc -o "7segment_switch.elf" @"objects.list"   -mcpu=cortex-m4 -T"D:\Nelly\workspace\STM32CubeIDE\7segment_switch\STM32F429ZITX_FLASH.ld" --specs=nosys.specs -Wl,-Map="7segment_switch.map" -Wl,--gc-sections -static --specs=nano.specs -mfpu=fpv4-sp-d16 -mfloat-abi=hard -mthumb -Wl,--start-group -lc -lm -Wl,--end-group
Finished building target: 7segment_switch.elf
 
arm-none-eabi-size   7segment_switch.elf 
arm-none-eabi-objdump -h -S  7segment_switch.elf  > "7segment_switch.list"
   text	   data	    bss	    dec	    hex	filename
  13016	     20	   3492	  16528	   4090	7segment_switch.elf
Finished building: default.size.stdout
 
Finished building: 7segment_switch.list
 
02:12:15 **** Incremental Build of configuration Debug for project 7segment_switch ****
make -j12 all 
arm-none-eabi-gcc "../Core/Src/main.c" -mcpu=cortex-m4 -std=gnu11 -g3 -DDEBUG -DUSE_HAL_DRIVER -DSTM32F429xx -c -I../Core/Inc -I../Drivers/STM32F4xx_HAL_Driver/Inc -I../Drivers/STM32F4xx_HAL_Driver/Inc/Legacy -I../Drivers/CMSIS/Device/ST/STM32F4xx/Include -I../Drivers/CMSIS/Include -O0 -ffunction-sections -fdata-sections -Wall -fstack-usage -fcyclomatic-complexity -MMD -MP -MF"Core/Src/main.d" -MT"Core/Src/main.o" --specs=nano.specs -mfpu=fpv4-sp-d16 -mfloat-abi=hard -mthumb -o "Core/Src/main.o"
arm-none-eabi-gcc -o "7segment_switch.elf" @"objects.list"   -mcpu=cortex-m4 -T"D:\Nelly\workspace\STM32CubeIDE\7segment_switch\STM32F429ZITX_FLASH.ld" --specs=nosys.specs -Wl,-Map="7segment_switch.map" -Wl,--gc-sections -static --specs=nano.specs -mfpu=fpv4-sp-d16 -mfloat-abi=hard -mthumb -Wl,--start-group -lc -lm -Wl,--end-group
Finished building target: 7segment_switch.elf
 
arm-none-eabi-size   7segment_switch.elf 
arm-none-eabi-objdump -h -S  7segment_switch.elf  > "7segment_switch.list"
   text	   data	    bss	    dec	    hex	filename
  13016	     20	   3492	  16528	   4090	7segment_switch.elf
Finished building: default.size.stdout
 
Finished building: 7segment_switch.list
 
02:14:47 **** Incremental Build of configuration Debug for project 7segment_switch ****
make -j12 all 
arm-none-eabi-size   7segment_switch.elf 
   text	   data	    bss	    dec	    hex	filename
  13016	     20	   3492	  16528	   4090	7segment_switch.elf
Finished building: default.size.stdout
 
02:22:54 **** Incremental Build of configuration Debug for project 7segment_switch ****
make -j12 all 
arm-none-eabi-gcc "../Core/Src/eth.c" -mcpu=cortex-m4 -std=gnu11 -g3 -DDEBUG -DUSE_HAL_DRIVER -DSTM32F429xx -c -I../Core/Inc -I../Drivers/STM32F4xx_HAL_Driver/Inc -I../Drivers/STM32F4xx_HAL_Driver/Inc/Legacy -I../Drivers/CMSIS/Device/ST/STM32F4xx/Include -I../Drivers/CMSIS/Include -O0 -ffunction-sections -fdata-sections -Wall -fstack-usage -fcyclomatic-complexity -MMD -MP -MF"Core/Src/eth.d" -MT"Core/Src/eth.o" --specs=nano.specs -mfpu=fpv4-sp-d16 -mfloat-abi=hard -mthumb -o "Core/Src/eth.o"
arm-none-eabi-gcc "../Core/Src/gpio.c" -mcpu=cortex-m4 -std=gnu11 -g3 -DDEBUG -DUSE_HAL_DRIVER -DSTM32F429xx -c -I../Core/Inc -I../Drivers/STM32F4xx_HAL_Driver/Inc -I../Drivers/STM32F4xx_HAL_Driver/Inc/Legacy -I../Drivers/CMSIS/Device/ST/STM32F4xx/Include -I../Drivers/CMSIS/Include -O0 -ffunction-sections -fdata-sections -Wall -fstack-usage -fcyclomatic-complexity -MMD -MP -MF"Core/Src/gpio.d" -MT"Core/Src/gpio.o" --specs=nano.specs -mfpu=fpv4-sp-d16 -mfloat-abi=hard -mthumb -o "Core/Src/gpio.o"
arm-none-eabi-gcc "../Core/Src/main.c" -mcpu=cortex-m4 -std=gnu11 -g3 -DDEBUG -DUSE_HAL_DRIVER -DSTM32F429xx -c -I../Core/Inc -I../Drivers/STM32F4xx_HAL_Driver/Inc -I../Drivers/STM32F4xx_HAL_Driver/Inc/Legacy -I../Drivers/CMSIS/Device/ST/STM32F4xx/Include -I../Drivers/CMSIS/Include -O0 -ffunction-sections -fdata-sections -Wall -fstack-usage -fcyclomatic-complexity -MMD -MP -MF"Core/Src/main.d" -MT"Core/Src/main.o" --specs=nano.specs -mfpu=fpv4-sp-d16 -mfloat-abi=hard -mthumb -o "Core/Src/main.o"
arm-none-eabi-gcc "../Core/Src/stm32f4xx_hal_msp.c" -mcpu=cortex-m4 -std=gnu11 -g3 -DDEBUG -DUSE_HAL_DRIVER -DSTM32F429xx -c -I../Core/Inc -I../Drivers/STM32F4xx_HAL_Driver/Inc -I../Drivers/STM32F4xx_HAL_Driver/Inc/Legacy -I../Drivers/CMSIS/Device/ST/STM32F4xx/Include -I../Drivers/CMSIS/Include -O0 -ffunction-sections -fdata-sections -Wall -fstack-usage -fcyclomatic-complexity -MMD -MP -MF"Core/Src/stm32f4xx_hal_msp.d" -MT"Core/Src/stm32f4xx_hal_msp.o" --specs=nano.specs -mfpu=fpv4-sp-d16 -mfloat-abi=hard -mthumb -o "Core/Src/stm32f4xx_hal_msp.o"
arm-none-eabi-gcc "../Core/Src/stm32f4xx_it.c" -mcpu=cortex-m4 -std=gnu11 -g3 -DDEBUG -DUSE_HAL_DRIVER -DSTM32F429xx -c -I../Core/Inc -I../Drivers/STM32F4xx_HAL_Driver/Inc -I../Drivers/STM32F4xx_HAL_Driver/Inc/Legacy -I../Drivers/CMSIS/Device/ST/STM32F4xx/Include -I../Drivers/CMSIS/Include -O0 -ffunction-sections -fdata-sections -Wall -fstack-usage -fcyclomatic-complexity -MMD -MP -MF"Core/Src/stm32f4xx_it.d" -MT"Core/Src/stm32f4xx_it.o" --specs=nano.specs -mfpu=fpv4-sp-d16 -mfloat-abi=hard -mthumb -o "Core/Src/stm32f4xx_it.o"
arm-none-eabi-gcc "../Core/Src/usart.c" -mcpu=cortex-m4 -std=gnu11 -g3 -DDEBUG -DUSE_HAL_DRIVER -DSTM32F429xx -c -I../Core/Inc -I../Drivers/STM32F4xx_HAL_Driver/Inc -I../Drivers/STM32F4xx_HAL_Driver/Inc/Legacy -I../Drivers/CMSIS/Device/ST/STM32F4xx/Include -I../Drivers/CMSIS/Include -O0 -ffunction-sections -fdata-sections -Wall -fstack-usage -fcyclomatic-complexity -MMD -MP -MF"Core/Src/usart.d" -MT"Core/Src/usart.o" --specs=nano.specs -mfpu=fpv4-sp-d16 -mfloat-abi=hard -mthumb -o "Core/Src/usart.o"
arm-none-eabi-gcc "../Core/Src/usb_otg.c" -mcpu=cortex-m4 -std=gnu11 -g3 -DDEBUG -DUSE_HAL_DRIVER -DSTM32F429xx -c -I../Core/Inc -I../Drivers/STM32F4xx_HAL_Driver/Inc -I../Drivers/STM32F4xx_HAL_Driver/Inc/Legacy -I../Drivers/CMSIS/Device/ST/STM32F4xx/Include -I../Drivers/CMSIS/Include -O0 -ffunction-sections -fdata-sections -Wall -fstack-usage -fcyclomatic-complexity -MMD -MP -MF"Core/Src/usb_otg.d" -MT"Core/Src/usb_otg.o" --specs=nano.specs -mfpu=fpv4-sp-d16 -mfloat-abi=hard -mthumb -o "Core/Src/usb_otg.o"
arm-none-eabi-gcc -o "7segment_switch.elf" @"objects.list"   -mcpu=cortex-m4 -T"D:\Nelly\workspace\STM32CubeIDE\7segment_switch\STM32F429ZITX_FLASH.ld" --specs=nosys.specs -Wl,-Map="7segment_switch.map" -Wl,--gc-sections -static --specs=nano.specs -mfpu=fpv4-sp-d16 -mfloat-abi=hard -mthumb -Wl,--start-group -lc -lm -Wl,--end-group
Finished building target: 7segment_switch.elf
 
arm-none-eabi-size   7segment_switch.elf 
arm-none-eabi-objdump -h -S  7segment_switch.elf  > "7segment_switch.list"
   text	   data	    bss	    dec	    hex	filename
  13000	     20	   3492	  16512	   4080	7segment_switch.elf
Finished building: default.size.stdout
 
Finished building: 7segment_switch.list
 
02:31:08 **** Incremental Build of configuration Debug for project 7segment_switch ****
make -j12 all 
arm-none-eabi-gcc "../Core/Src/main.c" -mcpu=cortex-m4 -std=gnu11 -g3 -DDEBUG -DUSE_HAL_DRIVER -DSTM32F429xx -c -I../Core/Inc -I../Drivers/STM32F4xx_HAL_Driver/Inc -I../Drivers/STM32F4xx_HAL_Driver/Inc/Legacy -I../Drivers/CMSIS/Device/ST/STM32F4xx/Include -I../Drivers/CMSIS/Include -O0 -ffunction-sections -fdata-sections -Wall -fstack-usage -fcyclomatic-complexity -MMD -MP -MF"Core/Src/main.d" -MT"Core/Src/main.o" --specs=nano.specs -mfpu=fpv4-sp-d16 -mfloat-abi=hard -mthumb -o "Core/Src/main.o"
arm-none-eabi-gcc -o "7segment_switch.elf" @"objects.list"   -mcpu=cortex-m4 -T"D:\Nelly\workspace\STM32CubeIDE\7segment_switch\STM32F429ZITX_FLASH.ld" --specs=nosys.specs -Wl,-Map="7segment_switch.map" -Wl,--gc-sections -static --specs=nano.specs -mfpu=fpv4-sp-d16 -mfloat-abi=hard -mthumb -Wl,--start-group -lc -lm -Wl,--end-group
Finished building target: 7segment_switch.elf
 
arm-none-eabi-size   7segment_switch.elf 
arm-none-eabi-objdump -h -S  7segment_switch.elf  > "7segment_switch.list"
   text	   data	    bss	    dec	    hex	filename
  13000	     20	   3492	  16512	   4080	7segment_switch.elf
Finished building: default.size.stdout
 
Finished building: 7segment_switch.list
 
02:33:43 **** Incremental Build of configuration Debug for project 7segment_switch ****
make -j12 all 
arm-none-eabi-gcc "../Core/Src/gpio.c" -mcpu=cortex-m4 -std=gnu11 -g3 -DDEBUG -DUSE_HAL_DRIVER -DSTM32F429xx -c -I../Core/Inc -I../Drivers/STM32F4xx_HAL_Driver/Inc -I../Drivers/STM32F4xx_HAL_Driver/Inc/Legacy -I../Drivers/CMSIS/Device/ST/STM32F4xx/Include -I../Drivers/CMSIS/Include -O0 -ffunction-sections -fdata-sections -Wall -fstack-usage -fcyclomatic-complexity -MMD -MP -MF"Core/Src/gpio.d" -MT"Core/Src/gpio.o" --specs=nano.specs -mfpu=fpv4-sp-d16 -mfloat-abi=hard -mthumb -o "Core/Src/gpio.o"
arm-none-eabi-gcc -o "7segment_switch.elf" @"objects.list"   -mcpu=cortex-m4 -T"D:\Nelly\workspace\STM32CubeIDE\7segment_switch\STM32F429ZITX_FLASH.ld" --specs=nosys.specs -Wl,-Map="7segment_switch.map" -Wl,--gc-sections -static --specs=nano.specs -mfpu=fpv4-sp-d16 -mfloat-abi=hard -mthumb -Wl,--start-group -lc -lm -Wl,--end-group
Finished building target: 7segment_switch.elf
 
arm-none-eabi-size   7segment_switch.elf 
arm-none-eabi-objdump -h -S  7segment_switch.elf  > "7segment_switch.list"
   text	   data	    bss	    dec	    hex	filename
  13000	     20	   3492	  16512	   4080	7segment_switch.elf
Finished building: default.size.stdout
 
Finished building: 7segment_switch.list
 
02:34:23 **** Incremental Build of configuration Debug for project 7segment_switch ****
make -j12 all 
arm-none-eabi-size   7segment_switch.elf 
   text	   data	    bss	    dec	    hex	filename
  13000	     20	   3492	  16512	   4080	7segment_switch.elf
Finished building: default.size.stdout
 
02:38:10 **** Incremental Build of configuration Debug for project 7segment_switch ****
make -j12 all 
arm-none-eabi-gcc "../Core/Src/gpio.c" -mcpu=cortex-m4 -std=gnu11 -g3 -DDEBUG -DUSE_HAL_DRIVER -DSTM32F429xx -c -I../Core/Inc -I../Drivers/STM32F4xx_HAL_Driver/Inc -I../Drivers/STM32F4xx_HAL_Driver/Inc/Legacy -I../Drivers/CMSIS/Device/ST/STM32F4xx/Include -I../Drivers/CMSIS/Include -O0 -ffunction-sections -fdata-sections -Wall -fstack-usage -fcyclomatic-complexity -MMD -MP -MF"Core/Src/gpio.d" -MT"Core/Src/gpio.o" --specs=nano.specs -mfpu=fpv4-sp-d16 -mfloat-abi=hard -mthumb -o "Core/Src/gpio.o"
arm-none-eabi-gcc "../Core/Src/main.c" -mcpu=cortex-m4 -std=gnu11 -g3 -DDEBUG -DUSE_HAL_DRIVER -DSTM32F429xx -c -I../Core/Inc -I../Drivers/STM32F4xx_HAL_Driver/Inc -I../Drivers/STM32F4xx_HAL_Driver/Inc/Legacy -I../Drivers/CMSIS/Device/ST/STM32F4xx/Include -I../Drivers/CMSIS/Include -O0 -ffunction-sections -fdata-sections -Wall -fstack-usage -fcyclomatic-complexity -MMD -MP -MF"Core/Src/main.d" -MT"Core/Src/main.o" --specs=nano.specs -mfpu=fpv4-sp-d16 -mfloat-abi=hard -mthumb -o "Core/Src/main.o"
../Core/Src/main.c: In function 'displayDigit':
../Core/Src/main.c:180:17: warning: unused variable 'segmentPatterns' [-Wunused-variable]
  180 |   const uint8_t segmentPatterns[10] = { 0x3F, 0x06, 0x5B, 0x4F, 0x66, 0x6D, 0x7D, 0x07, 0x7F, 0x6F };
      |                 ^~~~~~~~~~~~~~~
arm-none-eabi-gcc -o "7segment_switch.elf" @"objects.list"   -mcpu=cortex-m4 -T"D:\Nelly\workspace\STM32CubeIDE\7segment_switch\STM32F429ZITX_FLASH.ld" --specs=nosys.specs -Wl,-Map="7segment_switch.map" -Wl,--gc-sections -static --specs=nano.specs -mfpu=fpv4-sp-d16 -mfloat-abi=hard -mthumb -Wl,--start-group -lc -lm -Wl,--end-group
Finished building target: 7segment_switch.elf
 
arm-none-eabi-size   7segment_switch.elf 
arm-none-eabi-objdump -h -S  7segment_switch.elf  > "7segment_switch.list"
   text	   data	    bss	    dec	    hex	filename
  12864	     20	   3492	  16376	   3ff8	7segment_switch.elf
Finished building: default.size.stdout
 
Finished building: 7segment_switch.list
 
02:38:40 **** Incremental Build of configuration Debug for project 7segment_switch ****
make -j12 all 
arm-none-eabi-gcc "../Core/Src/main.c" -mcpu=cortex-m4 -std=gnu11 -g3 -DDEBUG -DUSE_HAL_DRIVER -DSTM32F429xx -c -I../Core/Inc -I../Drivers/STM32F4xx_HAL_Driver/Inc -I../Drivers/STM32F4xx_HAL_Driver/Inc/Legacy -I../Drivers/CMSIS/Device/ST/STM32F4xx/Include -I../Drivers/CMSIS/Include -O0 -ffunction-sections -fdata-sections -Wall -fstack-usage -fcyclomatic-complexity -MMD -MP -MF"Core/Src/main.d" -MT"Core/Src/main.o" --specs=nano.specs -mfpu=fpv4-sp-d16 -mfloat-abi=hard -mthumb -o "Core/Src/main.o"
../Core/Src/main.c: In function 'displayDigit':
../Core/Src/main.c:180:17: warning: unused variable 'segmentPatterns' [-Wunused-variable]
  180 |   const uint8_t segmentPatterns[10] = { 0x3F, 0x06, 0x5B, 0x4F, 0x66, 0x6D, 0x7D, 0x07, 0x7F, 0x6F };
      |                 ^~~~~~~~~~~~~~~
arm-none-eabi-gcc -o "7segment_switch.elf" @"objects.list"   -mcpu=cortex-m4 -T"D:\Nelly\workspace\STM32CubeIDE\7segment_switch\STM32F429ZITX_FLASH.ld" --specs=nosys.specs -Wl,-Map="7segment_switch.map" -Wl,--gc-sections -static --specs=nano.specs -mfpu=fpv4-sp-d16 -mfloat-abi=hard -mthumb -Wl,--start-group -lc -lm -Wl,--end-group
Finished building target: 7segment_switch.elf
 
arm-none-eabi-size   7segment_switch.elf 
arm-none-eabi-objdump -h -S  7segment_switch.elf  > "7segment_switch.list"
   text	   data	    bss	    dec	    hex	filename
  12864	     20	   3492	  16376	   3ff8	7segment_switch.elf
Finished building: default.size.stdout
 
Finished building: 7segment_switch.list
 
02:39:08 **** Incremental Build of configuration Debug for project 7segment_switch ****
make -j12 all 
arm-none-eabi-gcc "../Core/Src/main.c" -mcpu=cortex-m4 -std=gnu11 -g3 -DDEBUG -DUSE_HAL_DRIVER -DSTM32F429xx -c -I../Core/Inc -I../Drivers/STM32F4xx_HAL_Driver/Inc -I../Drivers/STM32F4xx_HAL_Driver/Inc/Legacy -I../Drivers/CMSIS/Device/ST/STM32F4xx/Include -I../Drivers/CMSIS/Include -O0 -ffunction-sections -fdata-sections -Wall -fstack-usage -fcyclomatic-complexity -MMD -MP -MF"Core/Src/main.d" -MT"Core/Src/main.o" --specs=nano.specs -mfpu=fpv4-sp-d16 -mfloat-abi=hard -mthumb -o "Core/Src/main.o"
../Core/Src/main.c: In function 'displayDigit':
../Core/Src/main.c:180:17: warning: unused variable 'segmentPatterns' [-Wunused-variable]
  180 |   const uint8_t segmentPatterns[10] = { 0x3F, 0x06, 0x5B, 0x4F, 0x66, 0x6D, 0x7D, 0x07, 0x7F, 0x6F };
      |                 ^~~~~~~~~~~~~~~
arm-none-eabi-gcc -o "7segment_switch.elf" @"objects.list"   -mcpu=cortex-m4 -T"D:\Nelly\workspace\STM32CubeIDE\7segment_switch\STM32F429ZITX_FLASH.ld" --specs=nosys.specs -Wl,-Map="7segment_switch.map" -Wl,--gc-sections -static --specs=nano.specs -mfpu=fpv4-sp-d16 -mfloat-abi=hard -mthumb -Wl,--start-group -lc -lm -Wl,--end-group
Finished building target: 7segment_switch.elf
 
arm-none-eabi-size   7segment_switch.elf 
arm-none-eabi-objdump -h -S  7segment_switch.elf  > "7segment_switch.list"
   text	   data	    bss	    dec	    hex	filename
  12864	     20	   3492	  16376	   3ff8	7segment_switch.elf
Finished building: default.size.stdout
 
Finished building: 7segment_switch.list
 
02:44:32 **** Incremental Build of configuration Debug for project 7segment_switch ****
make -j12 all 
arm-none-eabi-gcc "../Core/Src/main.c" -mcpu=cortex-m4 -std=gnu11 -g3 -DDEBUG -DUSE_HAL_DRIVER -DSTM32F429xx -c -I../Core/Inc -I../Drivers/STM32F4xx_HAL_Driver/Inc -I../Drivers/STM32F4xx_HAL_Driver/Inc/Legacy -I../Drivers/CMSIS/Device/ST/STM32F4xx/Include -I../Drivers/CMSIS/Include -O0 -ffunction-sections -fdata-sections -Wall -fstack-usage -fcyclomatic-complexity -MMD -MP -MF"Core/Src/main.d" -MT"Core/Src/main.o" --specs=nano.specs -mfpu=fpv4-sp-d16 -mfloat-abi=hard -mthumb -o "Core/Src/main.o"
../Core/Src/main.c: In function 'displayDigit':
../Core/Src/main.c:180:17: warning: unused variable 'segmentPatterns' [-Wunused-variable]
  180 |   const uint8_t segmentPatterns[10] = { 0x3F, 0x06, 0x5B, 0x4F, 0x66, 0x6D, 0x7D, 0x07, 0x7F, 0x6F };
      |                 ^~~~~~~~~~~~~~~
arm-none-eabi-gcc -o "7segment_switch.elf" @"objects.list"   -mcpu=cortex-m4 -T"D:\Nelly\workspace\STM32CubeIDE\7segment_switch\STM32F429ZITX_FLASH.ld" --specs=nosys.specs -Wl,-Map="7segment_switch.map" -Wl,--gc-sections -static --specs=nano.specs -mfpu=fpv4-sp-d16 -mfloat-abi=hard -mthumb -Wl,--start-group -lc -lm -Wl,--end-group
Finished building target: 7segment_switch.elf
 
arm-none-eabi-size   7segment_switch.elf 
arm-none-eabi-objdump -h -S  7segment_switch.elf  > "7segment_switch.list"
   text	   data	    bss	    dec	    hex	filename
  12864	     20	   3492	  16376	   3ff8	7segment_switch.elf
Finished building: default.size.stdout
 
Finished building: 7segment_switch.list
 
02:46:30 **** Incremental Build of configuration Debug for project 7segment_switch ****
make -j12 all 
arm-none-eabi-gcc "../Core/Src/main.c" -mcpu=cortex-m4 -std=gnu11 -g3 -DDEBUG -DUSE_HAL_DRIVER -DSTM32F429xx -c -I../Core/Inc -I../Drivers/STM32F4xx_HAL_Driver/Inc -I../Drivers/STM32F4xx_HAL_Driver/Inc/Legacy -I../Drivers/CMSIS/Device/ST/STM32F4xx/Include -I../Drivers/CMSIS/Include -O0 -ffunction-sections -fdata-sections -Wall -fstack-usage -fcyclomatic-complexity -MMD -MP -MF"Core/Src/main.d" -MT"Core/Src/main.o" --specs=nano.specs -mfpu=fpv4-sp-d16 -mfloat-abi=hard -mthumb -o "Core/Src/main.o"
../Core/Src/main.c: In function 'displayDigit':
../Core/Src/main.c:180:17: warning: unused variable 'segmentPatterns' [-Wunused-variable]
  180 |   const uint8_t segmentPatterns[10] = { 0x3F, 0x06, 0x5B, 0x4F, 0x66, 0x6D, 0x7D, 0x07, 0x7F, 0x6F };
      |                 ^~~~~~~~~~~~~~~
arm-none-eabi-gcc -o "7segment_switch.elf" @"objects.list"   -mcpu=cortex-m4 -T"D:\Nelly\workspace\STM32CubeIDE\7segment_switch\STM32F429ZITX_FLASH.ld" --specs=nosys.specs -Wl,-Map="7segment_switch.map" -Wl,--gc-sections -static --specs=nano.specs -mfpu=fpv4-sp-d16 -mfloat-abi=hard -mthumb -Wl,--start-group -lc -lm -Wl,--end-group
Finished building target: 7segment_switch.elf
 
arm-none-eabi-size   7segment_switch.elf 
arm-none-eabi-objdump -h -S  7segment_switch.elf  > "7segment_switch.list"
   text	   data	    bss	    dec	    hex	filename
  12864	     20	   3492	  16376	   3ff8	7segment_switch.elf
Finished building: default.size.stdout
 
Finished building: 7segment_switch.list
 
02:52:24 **** Incremental Build of configuration Debug for project 7segment_switch ****
make -j12 all 
arm-none-eabi-gcc "../Core/Src/main.c" -mcpu=cortex-m4 -std=gnu11 -g3 -DDEBUG -DUSE_HAL_DRIVER -DSTM32F429xx -c -I../Core/Inc -I../Drivers/STM32F4xx_HAL_Driver/Inc -I../Drivers/STM32F4xx_HAL_Driver/Inc/Legacy -I../Drivers/CMSIS/Device/ST/STM32F4xx/Include -I../Drivers/CMSIS/Include -O0 -ffunction-sections -fdata-sections -Wall -fstack-usage -fcyclomatic-complexity -MMD -MP -MF"Core/Src/main.d" -MT"Core/Src/main.o" --specs=nano.specs -mfpu=fpv4-sp-d16 -mfloat-abi=hard -mthumb -o "Core/Src/main.o"
../Core/Src/main.c: In function 'displayDigit':
../Core/Src/main.c:180:17: warning: unused variable 'segmentPatterns' [-Wunused-variable]
  180 |   const uint8_t segmentPatterns[10] = { 0x3F, 0x06, 0x5B, 0x4F, 0x66, 0x6D, 0x7D, 0x07, 0x7F, 0x6F };
      |                 ^~~~~~~~~~~~~~~
arm-none-eabi-gcc -o "7segment_switch.elf" @"objects.list"   -mcpu=cortex-m4 -T"D:\Nelly\workspace\STM32CubeIDE\7segment_switch\STM32F429ZITX_FLASH.ld" --specs=nosys.specs -Wl,-Map="7segment_switch.map" -Wl,--gc-sections -static --specs=nano.specs -mfpu=fpv4-sp-d16 -mfloat-abi=hard -mthumb -Wl,--start-group -lc -lm -Wl,--end-group
Finished building target: 7segment_switch.elf
 
arm-none-eabi-size   7segment_switch.elf 
arm-none-eabi-objdump -h -S  7segment_switch.elf  > "7segment_switch.list"
   text	   data	    bss	    dec	    hex	filename
  12864	     20	   3492	  16376	   3ff8	7segment_switch.elf
Finished building: default.size.stdout
 
Finished building: 7segment_switch.list
 
02:53:19 **** Incremental Build of configuration Debug for project 7segment_switch ****
make -j12 all 
arm-none-eabi-gcc "../Core/Src/main.c" -mcpu=cortex-m4 -std=gnu11 -g3 -DDEBUG -DUSE_HAL_DRIVER -DSTM32F429xx -c -I../Core/Inc -I../Drivers/STM32F4xx_HAL_Driver/Inc -I../Drivers/STM32F4xx_HAL_Driver/Inc/Legacy -I../Drivers/CMSIS/Device/ST/STM32F4xx/Include -I../Drivers/CMSIS/Include -O0 -ffunction-sections -fdata-sections -Wall -fstack-usage -fcyclomatic-complexity -MMD -MP -MF"Core/Src/main.d" -MT"Core/Src/main.o" --specs=nano.specs -mfpu=fpv4-sp-d16 -mfloat-abi=hard -mthumb -o "Core/Src/main.o"
../Core/Src/main.c: In function 'displayDigit':
../Core/Src/main.c:180:17: warning: unused variable 'segmentPatterns' [-Wunused-variable]
  180 |   const uint8_t segmentPatterns[10] = { 0x3F, 0x06, 0x5B, 0x4F, 0x66, 0x6D, 0x7D, 0x07, 0x7F, 0x6F };
      |                 ^~~~~~~~~~~~~~~
arm-none-eabi-gcc -o "7segment_switch.elf" @"objects.list"   -mcpu=cortex-m4 -T"D:\Nelly\workspace\STM32CubeIDE\7segment_switch\STM32F429ZITX_FLASH.ld" --specs=nosys.specs -Wl,-Map="7segment_switch.map" -Wl,--gc-sections -static --specs=nano.specs -mfpu=fpv4-sp-d16 -mfloat-abi=hard -mthumb -Wl,--start-group -lc -lm -Wl,--end-group
Finished building target: 7segment_switch.elf
 
arm-none-eabi-size   7segment_switch.elf 
arm-none-eabi-objdump -h -S  7segment_switch.elf  > "7segment_switch.list"
   text	   data	    bss	    dec	    hex	filename
  12864	     20	   3492	  16376	   3ff8	7segment_switch.elf
Finished building: default.size.stdout
 
Finished building: 7segment_switch.list
 
02:54:28 **** Incremental Build of configuration Debug for project 7segment_switch ****
make -j12 all 
arm-none-eabi-gcc "../Core/Src/main.c" -mcpu=cortex-m4 -std=gnu11 -g3 -DDEBUG -DUSE_HAL_DRIVER -DSTM32F429xx -c -I../Core/Inc -I../Drivers/STM32F4xx_HAL_Driver/Inc -I../Drivers/STM32F4xx_HAL_Driver/Inc/Legacy -I../Drivers/CMSIS/Device/ST/STM32F4xx/Include -I../Drivers/CMSIS/Include -O0 -ffunction-sections -fdata-sections -Wall -fstack-usage -fcyclomatic-complexity -MMD -MP -MF"Core/Src/main.d" -MT"Core/Src/main.o" --specs=nano.specs -mfpu=fpv4-sp-d16 -mfloat-abi=hard -mthumb -o "Core/Src/main.o"
arm-none-eabi-gcc -o "7segment_switch.elf" @"objects.list"   -mcpu=cortex-m4 -T"D:\Nelly\workspace\STM32CubeIDE\7segment_switch\STM32F429ZITX_FLASH.ld" --specs=nosys.specs -Wl,-Map="7segment_switch.map" -Wl,--gc-sections -static --specs=nano.specs -mfpu=fpv4-sp-d16 -mfloat-abi=hard -mthumb -Wl,--start-group -lc -lm -Wl,--end-group
Finished building target: 7segment_switch.elf
 
arm-none-eabi-size   7segment_switch.elf 
arm-none-eabi-objdump -h -S  7segment_switch.elf  > "7segment_switch.list"
   text	   data	    bss	    dec	    hex	filename
  13000	     20	   3492	  16512	   4080	7segment_switch.elf
Finished building: default.size.stdout
 
Finished building: 7segment_switch.list
 
02:55:08 **** Incremental Build of configuration Debug for project 7segment_switch ****
make -j12 all 
arm-none-eabi-gcc "../Core/Src/main.c" -mcpu=cortex-m4 -std=gnu11 -g3 -DDEBUG -DUSE_HAL_DRIVER -DSTM32F429xx -c -I../Core/Inc -I../Drivers/STM32F4xx_HAL_Driver/Inc -I../Drivers/STM32F4xx_HAL_Driver/Inc/Legacy -I../Drivers/CMSIS/Device/ST/STM32F4xx/Include -I../Drivers/CMSIS/Include -O0 -ffunction-sections -fdata-sections -Wall -fstack-usage -fcyclomatic-complexity -MMD -MP -MF"Core/Src/main.d" -MT"Core/Src/main.o" --specs=nano.specs -mfpu=fpv4-sp-d16 -mfloat-abi=hard -mthumb -o "Core/Src/main.o"
arm-none-eabi-gcc -o "7segment_switch.elf" @"objects.list"   -mcpu=cortex-m4 -T"D:\Nelly\workspace\STM32CubeIDE\7segment_switch\STM32F429ZITX_FLASH.ld" --specs=nosys.specs -Wl,-Map="7segment_switch.map" -Wl,--gc-sections -static --specs=nano.specs -mfpu=fpv4-sp-d16 -mfloat-abi=hard -mthumb -Wl,--start-group -lc -lm -Wl,--end-group
Finished building target: 7segment_switch.elf
 
arm-none-eabi-size   7segment_switch.elf 
arm-none-eabi-objdump -h -S  7segment_switch.elf  > "7segment_switch.list"
   text	   data	    bss	    dec	    hex	filename
  13000	     20	   3492	  16512	   4080	7segment_switch.elf
Finished building: default.size.stdout
 
Finished building: 7segment_switch.list
 
02:55:34 **** Incremental Build of configuration Debug for project 7segment_switch ****
make -j12 all 
arm-none-eabi-gcc "../Core/Src/main.c" -mcpu=cortex-m4 -std=gnu11 -g3 -DDEBUG -DUSE_HAL_DRIVER -DSTM32F429xx -c -I../Core/Inc -I../Drivers/STM32F4xx_HAL_Driver/Inc -I../Drivers/STM32F4xx_HAL_Driver/Inc/Legacy -I../Drivers/CMSIS/Device/ST/STM32F4xx/Include -I../Drivers/CMSIS/Include -O0 -ffunction-sections -fdata-sections -Wall -fstack-usage -fcyclomatic-complexity -MMD -MP -MF"Core/Src/main.d" -MT"Core/Src/main.o" --specs=nano.specs -mfpu=fpv4-sp-d16 -mfloat-abi=hard -mthumb -o "Core/Src/main.o"
arm-none-eabi-gcc -o "7segment_switch.elf" @"objects.list"   -mcpu=cortex-m4 -T"D:\Nelly\workspace\STM32CubeIDE\7segment_switch\STM32F429ZITX_FLASH.ld" --specs=nosys.specs -Wl,-Map="7segment_switch.map" -Wl,--gc-sections -static --specs=nano.specs -mfpu=fpv4-sp-d16 -mfloat-abi=hard -mthumb -Wl,--start-group -lc -lm -Wl,--end-group
Finished building target: 7segment_switch.elf
 
arm-none-eabi-size   7segment_switch.elf 
arm-none-eabi-objdump -h -S  7segment_switch.elf  > "7segment_switch.list"
   text	   data	    bss	    dec	    hex	filename
  13032	     20	   3492	  16544	   40a0	7segment_switch.elf
Finished building: default.size.stdout
 
Finished building: 7segment_switch.list
 
02:56:36 **** Incremental Build of configuration Debug for project 7segment_switch ****
make -j12 all 
arm-none-eabi-gcc "../Core/Src/main.c" -mcpu=cortex-m4 -std=gnu11 -g3 -DDEBUG -DUSE_HAL_DRIVER -DSTM32F429xx -c -I../Core/Inc -I../Drivers/STM32F4xx_HAL_Driver/Inc -I../Drivers/STM32F4xx_HAL_Driver/Inc/Legacy -I../Drivers/CMSIS/Device/ST/STM32F4xx/Include -I../Drivers/CMSIS/Include -O0 -ffunction-sections -fdata-sections -Wall -fstack-usage -fcyclomatic-complexity -MMD -MP -MF"Core/Src/main.d" -MT"Core/Src/main.o" --specs=nano.specs -mfpu=fpv4-sp-d16 -mfloat-abi=hard -mthumb -o "Core/Src/main.o"
arm-none-eabi-gcc -o "7segment_switch.elf" @"objects.list"   -mcpu=cortex-m4 -T"D:\Nelly\workspace\STM32CubeIDE\7segment_switch\STM32F429ZITX_FLASH.ld" --specs=nosys.specs -Wl,-Map="7segment_switch.map" -Wl,--gc-sections -static --specs=nano.specs -mfpu=fpv4-sp-d16 -mfloat-abi=hard -mthumb -Wl,--start-group -lc -lm -Wl,--end-group
Finished building target: 7segment_switch.elf
 
arm-none-eabi-size   7segment_switch.elf 
arm-none-eabi-objdump -h -S  7segment_switch.elf  > "7segment_switch.list"
   text	   data	    bss	    dec	    hex	filename
  13032	     20	   3492	  16544	   40a0	7segment_switch.elf
Finished building: default.size.stdout
 
Finished building: 7segment_switch.list
 
03:01:32 **** Incremental Build of configuration Debug for project 7segment_switch ****
make -j12 all 
arm-none-eabi-size   7segment_switch.elf 
   text	   data	    bss	    dec	    hex	filename
  13032	     20	   3492	  16544	   40a0	7segment_switch.elf
Finished building: default.size.stdout
 
03:02:22 **** Incremental Build of configuration Debug for project 7segment_switch ****
make -j12 all 
arm-none-eabi-gcc "../Core/Src/main.c" -mcpu=cortex-m4 -std=gnu11 -g3 -DDEBUG -DUSE_HAL_DRIVER -DSTM32F429xx -c -I../Core/Inc -I../Drivers/STM32F4xx_HAL_Driver/Inc -I../Drivers/STM32F4xx_HAL_Driver/Inc/Legacy -I../Drivers/CMSIS/Device/ST/STM32F4xx/Include -I../Drivers/CMSIS/Include -O0 -ffunction-sections -fdata-sections -Wall -fstack-usage -fcyclomatic-complexity -MMD -MP -MF"Core/Src/main.d" -MT"Core/Src/main.o" --specs=nano.specs -mfpu=fpv4-sp-d16 -mfloat-abi=hard -mthumb -o "Core/Src/main.o"
arm-none-eabi-gcc -o "7segment_switch.elf" @"objects.list"   -mcpu=cortex-m4 -T"D:\Nelly\workspace\STM32CubeIDE\7segment_switch\STM32F429ZITX_FLASH.ld" --specs=nosys.specs -Wl,-Map="7segment_switch.map" -Wl,--gc-sections -static --specs=nano.specs -mfpu=fpv4-sp-d16 -mfloat-abi=hard -mthumb -Wl,--start-group -lc -lm -Wl,--end-group
Finished building target: 7segment_switch.elf
 
arm-none-eabi-size   7segment_switch.elf 
arm-none-eabi-objdump -h -S  7segment_switch.elf  > "7segment_switch.list"
   text	   data	    bss	    dec	    hex	filename
  13048	     20	   3492	  16560	   40b0	7segment_switch.elf
Finished building: default.size.stdout
 
Finished building: 7segment_switch.list
 
03:02:46 **** Incremental Build of configuration Debug for project 7segment_switch ****
make -j12 all 
arm-none-eabi-size   7segment_switch.elf 
   text	   data	    bss	    dec	    hex	filename
  13048	     20	   3492	  16560	   40b0	7segment_switch.elf
Finished building: default.size.stdout
 
03:03:22 **** Incremental Build of configuration Debug for project 7segment_switch ****
make -j12 all 
arm-none-eabi-size   7segment_switch.elf 
   text	   data	    bss	    dec	    hex	filename
  13048	     20	   3492	  16560	   40b0	7segment_switch.elf
Finished building: default.size.stdout
 
03:03:36 **** Incremental Build of configuration Debug for project 7segment_switch ****
make -j12 all 
arm-none-eabi-size   7segment_switch.elf 
   text	   data	    bss	    dec	    hex	filename
  13048	     20	   3492	  16560	   40b0	7segment_switch.elf
Finished building: default.size.stdout
 
03:04:28 **** Incremental Build of configuration Debug for project 7segment_switch ****
make -j12 all 
arm-none-eabi-gcc "../Core/Src/main.c" -mcpu=cortex-m4 -std=gnu11 -g3 -DDEBUG -DUSE_HAL_DRIVER -DSTM32F429xx -c -I../Core/Inc -I../Drivers/STM32F4xx_HAL_Driver/Inc -I../Drivers/STM32F4xx_HAL_Driver/Inc/Legacy -I../Drivers/CMSIS/Device/ST/STM32F4xx/Include -I../Drivers/CMSIS/Include -O0 -ffunction-sections -fdata-sections -Wall -fstack-usage -fcyclomatic-complexity -MMD -MP -MF"Core/Src/main.d" -MT"Core/Src/main.o" --specs=nano.specs -mfpu=fpv4-sp-d16 -mfloat-abi=hard -mthumb -o "Core/Src/main.o"
arm-none-eabi-gcc -o "7segment_switch.elf" @"objects.list"   -mcpu=cortex-m4 -T"D:\Nelly\workspace\STM32CubeIDE\7segment_switch\STM32F429ZITX_FLASH.ld" --specs=nosys.specs -Wl,-Map="7segment_switch.map" -Wl,--gc-sections -static --specs=nano.specs -mfpu=fpv4-sp-d16 -mfloat-abi=hard -mthumb -Wl,--start-group -lc -lm -Wl,--end-group
Finished building target: 7segment_switch.elf
 
arm-none-eabi-size   7segment_switch.elf 
arm-none-eabi-objdump -h -S  7segment_switch.elf  > "7segment_switch.list"
   text	   data	    bss	    dec	    hex	filename
  13048	     20	   3492	  16560	   40b0	7segment_switch.elf
Finished building: default.size.stdout
 
Finished building: 7segment_switch.list
 
03:05:25 **** Incremental Build of configuration Debug for project 7segment_switch ****
make -j12 all 
arm-none-eabi-size   7segment_switch.elf 
   text	   data	    bss	    dec	    hex	filename
  13048	     20	   3492	  16560	   40b0	7segment_switch.elf
Finished building: default.size.stdout
 
03:05:52 **** Incremental Build of configuration Debug for project 7segment_switch ****
make -j12 all 
arm-none-eabi-gcc "../Core/Src/main.c" -mcpu=cortex-m4 -std=gnu11 -g3 -DDEBUG -DUSE_HAL_DRIVER -DSTM32F429xx -c -I../Core/Inc -I../Drivers/STM32F4xx_HAL_Driver/Inc -I../Drivers/STM32F4xx_HAL_Driver/Inc/Legacy -I../Drivers/CMSIS/Device/ST/STM32F4xx/Include -I../Drivers/CMSIS/Include -O0 -ffunction-sections -fdata-sections -Wall -fstack-usage -fcyclomatic-complexity -MMD -MP -MF"Core/Src/main.d" -MT"Core/Src/main.o" --specs=nano.specs -mfpu=fpv4-sp-d16 -mfloat-abi=hard -mthumb -o "Core/Src/main.o"
arm-none-eabi-gcc -o "7segment_switch.elf" @"objects.list"   -mcpu=cortex-m4 -T"D:\Nelly\workspace\STM32CubeIDE\7segment_switch\STM32F429ZITX_FLASH.ld" --specs=nosys.specs -Wl,-Map="7segment_switch.map" -Wl,--gc-sections -static --specs=nano.specs -mfpu=fpv4-sp-d16 -mfloat-abi=hard -mthumb -Wl,--start-group -lc -lm -Wl,--end-group
Finished building target: 7segment_switch.elf
 
arm-none-eabi-size   7segment_switch.elf 
arm-none-eabi-objdump -h -S  7segment_switch.elf  > "7segment_switch.list"
   text	   data	    bss	    dec	    hex	filename
  13048	     20	   3492	  16560	   40b0	7segment_switch.elf
Finished building: default.size.stdout
 
Finished building: 7segment_switch.list
 
03:09:16 **** Incremental Build of configuration Debug for project 7segment_switch ****
make -j12 all 
arm-none-eabi-gcc "../Core/Src/main.c" -mcpu=cortex-m4 -std=gnu11 -g3 -DDEBUG -DUSE_HAL_DRIVER -DSTM32F429xx -c -I../Core/Inc -I../Drivers/STM32F4xx_HAL_Driver/Inc -I../Drivers/STM32F4xx_HAL_Driver/Inc/Legacy -I../Drivers/CMSIS/Device/ST/STM32F4xx/Include -I../Drivers/CMSIS/Include -O0 -ffunction-sections -fdata-sections -Wall -fstack-usage -fcyclomatic-complexity -MMD -MP -MF"Core/Src/main.d" -MT"Core/Src/main.o" --specs=nano.specs -mfpu=fpv4-sp-d16 -mfloat-abi=hard -mthumb -o "Core/Src/main.o"
arm-none-eabi-gcc -o "7segment_switch.elf" @"objects.list"   -mcpu=cortex-m4 -T"D:\Nelly\workspace\STM32CubeIDE\7segment_switch\STM32F429ZITX_FLASH.ld" --specs=nosys.specs -Wl,-Map="7segment_switch.map" -Wl,--gc-sections -static --specs=nano.specs -mfpu=fpv4-sp-d16 -mfloat-abi=hard -mthumb -Wl,--start-group -lc -lm -Wl,--end-group
Finished building target: 7segment_switch.elf
 
arm-none-eabi-size   7segment_switch.elf 
arm-none-eabi-objdump -h -S  7segment_switch.elf  > "7segment_switch.list"
   text	   data	    bss	    dec	    hex	filename
  13048	     20	   3492	  16560	   40b0	7segment_switch.elf
Finished building: default.size.stdout
 
Finished building: 7segment_switch.list
 
03:10:15 **** Incremental Build of configuration Debug for project 7segment_switch ****
make -j12 all 
arm-none-eabi-size   7segment_switch.elf 
   text	   data	    bss	    dec	    hex	filename
  13048	     20	   3492	  16560	   40b0	7segment_switch.elf
Finished building: default.size.stdout
 
03:11:03 **** Incremental Build of configuration Debug for project 7segment_switch ****
make -j12 all 
arm-none-eabi-gcc "../Core/Src/main.c" -mcpu=cortex-m4 -std=gnu11 -g3 -DDEBUG -DUSE_HAL_DRIVER -DSTM32F429xx -c -I../Core/Inc -I../Drivers/STM32F4xx_HAL_Driver/Inc -I../Drivers/STM32F4xx_HAL_Driver/Inc/Legacy -I../Drivers/CMSIS/Device/ST/STM32F4xx/Include -I../Drivers/CMSIS/Include -O0 -ffunction-sections -fdata-sections -Wall -fstack-usage -fcyclomatic-complexity -MMD -MP -MF"Core/Src/main.d" -MT"Core/Src/main.o" --specs=nano.specs -mfpu=fpv4-sp-d16 -mfloat-abi=hard -mthumb -o "Core/Src/main.o"
arm-none-eabi-gcc -o "7segment_switch.elf" @"objects.list"   -mcpu=cortex-m4 -T"D:\Nelly\workspace\STM32CubeIDE\7segment_switch\STM32F429ZITX_FLASH.ld" --specs=nosys.specs -Wl,-Map="7segment_switch.map" -Wl,--gc-sections -static --specs=nano.specs -mfpu=fpv4-sp-d16 -mfloat-abi=hard -mthumb -Wl,--start-group -lc -lm -Wl,--end-group
Finished building target: 7segment_switch.elf
 
arm-none-eabi-size   7segment_switch.elf 
arm-none-eabi-objdump -h -S  7segment_switch.elf  > "7segment_switch.list"
   text	   data	    bss	    dec	    hex	filename
  13032	     20	   3492	  16544	   40a0	7segment_switch.elf
Finished building: default.size.stdout
 
Finished building: 7segment_switch.list
 
03:13:12 **** Incremental Build of configuration Debug for project 7segment_switch ****
make -j12 all 
arm-none-eabi-gcc "../Core/Src/main.c" -mcpu=cortex-m4 -std=gnu11 -g3 -DDEBUG -DUSE_HAL_DRIVER -DSTM32F429xx -c -I../Core/Inc -I../Drivers/STM32F4xx_HAL_Driver/Inc -I../Drivers/STM32F4xx_HAL_Driver/Inc/Legacy -I../Drivers/CMSIS/Device/ST/STM32F4xx/Include -I../Drivers/CMSIS/Include -O0 -ffunction-sections -fdata-sections -Wall -fstack-usage -fcyclomatic-complexity -MMD -MP -MF"Core/Src/main.d" -MT"Core/Src/main.o" --specs=nano.specs -mfpu=fpv4-sp-d16 -mfloat-abi=hard -mthumb -o "Core/Src/main.o"
arm-none-eabi-gcc -o "7segment_switch.elf" @"objects.list"   -mcpu=cortex-m4 -T"D:\Nelly\workspace\STM32CubeIDE\7segment_switch\STM32F429ZITX_FLASH.ld" --specs=nosys.specs -Wl,-Map="7segment_switch.map" -Wl,--gc-sections -static --specs=nano.specs -mfpu=fpv4-sp-d16 -mfloat-abi=hard -mthumb -Wl,--start-group -lc -lm -Wl,--end-group
Finished building target: 7segment_switch.elf
 
arm-none-eabi-size   7segment_switch.elf 
arm-none-eabi-objdump -h -S  7segment_switch.elf  > "7segment_switch.list"
   text	   data	    bss	    dec	    hex	filename
  13048	     20	   3492	  16560	   40b0	7segment_switch.elf
Finished building: default.size.stdout
 
Finished building: 7segment_switch.list
 
03:13:57 **** Incremental Build of configuration Debug for project 7segment_switch ****
make -j12 all 
arm-none-eabi-gcc "../Core/Src/main.c" -mcpu=cortex-m4 -std=gnu11 -g3 -DDEBUG -DUSE_HAL_DRIVER -DSTM32F429xx -c -I../Core/Inc -I../Drivers/STM32F4xx_HAL_Driver/Inc -I../Drivers/STM32F4xx_HAL_Driver/Inc/Legacy -I../Drivers/CMSIS/Device/ST/STM32F4xx/Include -I../Drivers/CMSIS/Include -O0 -ffunction-sections -fdata-sections -Wall -fstack-usage -fcyclomatic-complexity -MMD -MP -MF"Core/Src/main.d" -MT"Core/Src/main.o" --specs=nano.specs -mfpu=fpv4-sp-d16 -mfloat-abi=hard -mthumb -o "Core/Src/main.o"
arm-none-eabi-gcc -o "7segment_switch.elf" @"objects.list"   -mcpu=cortex-m4 -T"D:\Nelly\workspace\STM32CubeIDE\7segment_switch\STM32F429ZITX_FLASH.ld" --specs=nosys.specs -Wl,-Map="7segment_switch.map" -Wl,--gc-sections -static --specs=nano.specs -mfpu=fpv4-sp-d16 -mfloat-abi=hard -mthumb -Wl,--start-group -lc -lm -Wl,--end-group
Finished building target: 7segment_switch.elf
 
arm-none-eabi-size   7segment_switch.elf 
arm-none-eabi-objdump -h -S  7segment_switch.elf  > "7segment_switch.list"
   text	   data	    bss	    dec	    hex	filename
  13032	     20	   3492	  16544	   40a0	7segment_switch.elf
Finished building: default.size.stdout
 
Finished building: 7segment_switch.list
 
03:15:38 **** Incremental Build of configuration Debug for project 7segment_switch ****
make -j12 all 
arm-none-eabi-gcc "../Core/Src/main.c" -mcpu=cortex-m4 -std=gnu11 -g3 -DDEBUG -DUSE_HAL_DRIVER -DSTM32F429xx -c -I../Core/Inc -I../Drivers/STM32F4xx_HAL_Driver/Inc -I../Drivers/STM32F4xx_HAL_Driver/Inc/Legacy -I../Drivers/CMSIS/Device/ST/STM32F4xx/Include -I../Drivers/CMSIS/Include -O0 -ffunction-sections -fdata-sections -Wall -fstack-usage -fcyclomatic-complexity -MMD -MP -MF"Core/Src/main.d" -MT"Core/Src/main.o" --specs=nano.specs -mfpu=fpv4-sp-d16 -mfloat-abi=hard -mthumb -o "Core/Src/main.o"
arm-none-eabi-gcc -o "7segment_switch.elf" @"objects.list"   -mcpu=cortex-m4 -T"D:\Nelly\workspace\STM32CubeIDE\7segment_switch\STM32F429ZITX_FLASH.ld" --specs=nosys.specs -Wl,-Map="7segment_switch.map" -Wl,--gc-sections -static --specs=nano.specs -mfpu=fpv4-sp-d16 -mfloat-abi=hard -mthumb -Wl,--start-group -lc -lm -Wl,--end-group
Finished building target: 7segment_switch.elf
 
arm-none-eabi-size   7segment_switch.elf 
arm-none-eabi-objdump -h -S  7segment_switch.elf  > "7segment_switch.list"
   text	   data	    bss	    dec	    hex	filename
  13048	     20	   3492	  16560	   40b0	7segment_switch.elf
Finished building: default.size.stdout
 
Finished building: 7segment_switch.list
 
22:44:53 **** Incremental Build of configuration Debug for project 7segment_switch ****
make -j12 all 
arm-none-eabi-gcc "../Drivers/STM32F4xx_HAL_Driver/Src/stm32f4xx_hal.c" -mcpu=cortex-m4 -std=gnu11 -g3 -DDEBUG -DUSE_HAL_DRIVER -DSTM32F429xx -c -I../Core/Inc -I../Drivers/STM32F4xx_HAL_Driver/Inc -I../Drivers/STM32F4xx_HAL_Driver/Inc/Legacy -I../Drivers/CMSIS/Device/ST/STM32F4xx/Include -I../Drivers/CMSIS/Include -O0 -ffunction-sections -fdata-sections -Wall -fstack-usage -fcyclomatic-complexity -MMD -MP -MF"Drivers/STM32F4xx_HAL_Driver/Src/stm32f4xx_hal.d" -MT"Drivers/STM32F4xx_HAL_Driver/Src/stm32f4xx_hal.o" --specs=nano.specs -mfpu=fpv4-sp-d16 -mfloat-abi=hard -mthumb -o "Drivers/STM32F4xx_HAL_Driver/Src/stm32f4xx_hal.o"
arm-none-eabi-gcc "../Drivers/STM32F4xx_HAL_Driver/Src/stm32f4xx_hal_cortex.c" -mcpu=cortex-m4 -std=gnu11 -g3 -DDEBUG -DUSE_HAL_DRIVER -DSTM32F429xx -c -I../Core/Inc -I../Drivers/STM32F4xx_HAL_Driver/Inc -I../Drivers/STM32F4xx_HAL_Driver/Inc/Legacy -I../Drivers/CMSIS/Device/ST/STM32F4xx/Include -I../Drivers/CMSIS/Include -O0 -ffunction-sections -fdata-sections -Wall -fstack-usage -fcyclomatic-complexity -MMD -MP -MF"Drivers/STM32F4xx_HAL_Driver/Src/stm32f4xx_hal_cortex.d" -MT"Drivers/STM32F4xx_HAL_Driver/Src/stm32f4xx_hal_cortex.o" --specs=nano.specs -mfpu=fpv4-sp-d16 -mfloat-abi=hard -mthumb -o "Drivers/STM32F4xx_HAL_Driver/Src/stm32f4xx_hal_cortex.o"
arm-none-eabi-gcc "../Drivers/STM32F4xx_HAL_Driver/Src/stm32f4xx_hal_dma.c" -mcpu=cortex-m4 -std=gnu11 -g3 -DDEBUG -DUSE_HAL_DRIVER -DSTM32F429xx -c -I../Core/Inc -I../Drivers/STM32F4xx_HAL_Driver/Inc -I../Drivers/STM32F4xx_HAL_Driver/Inc/Legacy -I../Drivers/CMSIS/Device/ST/STM32F4xx/Include -I../Drivers/CMSIS/Include -O0 -ffunction-sections -fdata-sections -Wall -fstack-usage -fcyclomatic-complexity -MMD -MP -MF"Drivers/STM32F4xx_HAL_Driver/Src/stm32f4xx_hal_dma.d" -MT"Drivers/STM32F4xx_HAL_Driver/Src/stm32f4xx_hal_dma.o" --specs=nano.specs -mfpu=fpv4-sp-d16 -mfloat-abi=hard -mthumb -o "Drivers/STM32F4xx_HAL_Driver/Src/stm32f4xx_hal_dma.o"
arm-none-eabi-gcc "../Drivers/STM32F4xx_HAL_Driver/Src/stm32f4xx_hal_dma_ex.c" -mcpu=cortex-m4 -std=gnu11 -g3 -DDEBUG -DUSE_HAL_DRIVER -DSTM32F429xx -c -I../Core/Inc -I../Drivers/STM32F4xx_HAL_Driver/Inc -I../Drivers/STM32F4xx_HAL_Driver/Inc/Legacy -I../Drivers/CMSIS/Device/ST/STM32F4xx/Include -I../Drivers/CMSIS/Include -O0 -ffunction-sections -fdata-sections -Wall -fstack-usage -fcyclomatic-complexity -MMD -MP -MF"Drivers/STM32F4xx_HAL_Driver/Src/stm32f4xx_hal_dma_ex.d" -MT"Drivers/STM32F4xx_HAL_Driver/Src/stm32f4xx_hal_dma_ex.o" --specs=nano.specs -mfpu=fpv4-sp-d16 -mfloat-abi=hard -mthumb -o "Drivers/STM32F4xx_HAL_Driver/Src/stm32f4xx_hal_dma_ex.o"
[...]
      |                               ^~~~~~~~~~~
../Core/Src/main.c:164:31: warning: unsigned conversion from 'int' to 'char' changes value from '1279537705' to '41' [-Woverflow]
../Core/Src/main.c:170:31: warning: character constant too long for its type
  170 |                   led_value = 'Red(LD3)';
      |                               ^~~~~~~~~~
../Core/Src/main.c:170:31: warning: unsigned conversion from 'int' to 'char' changes value from '1279537961' to '41' [-Woverflow]
../Core/Src/main.c:176:57: warning: format '%s' expects argument of type 'char *', but argument 4 has type 'int' [-Wformat=]
  176 |           sprintf(uart_buf, "ADC Value: %d, LED State: %s, Up/Down Value: %d \r\n", adc_value, led_value, counter);
      |                                                        ~^                                      ~~~~~~~~~
      |                                                         |                                      |
      |                                                         char *                                 int
      |                                                        %d
../Core/Src/main.c:176:63: warning: ', Up/Down Value: ' directive writing 17 bytes into a region of size 5 [-Wformat-overflow=]
  176 |           sprintf(uart_buf, "ADC Value: %d, LED State: %s, Up/Down Value: %d \r\n", adc_value, led_value, counter);
      |                                                          ~~~~~^~~~~~~~~~~~
../Core/Src/main.c:176:11: note: 'sprintf' output 47 or more bytes into a destination of size 30
  176 |           sprintf(uart_buf, "ADC Value: %d, LED State: %s, Up/Down Value: %d \r\n", adc_value, led_value, counter);
      |           ^~~~~~~~~~~~~~~~~~~~~~~~~~~~~~~~~~~~~~~~~~~~~~~~~~~~~~~~~~~~~~~~~~~~~~~~~~~~~~~~~~~~~~~~~~~~~~~~~~~~~~~~
arm-none-eabi-gcc -o "UART_ADC.elf" @"objects.list"   -mcpu=cortex-m4 -T"D:\Nelly\workspace\STM32CubeIDE\UART_ADC\STM32F429ZITX_FLASH.ld" --specs=nosys.specs -Wl,-Map="UART_ADC.map" -Wl,--gc-sections -static --specs=nano.specs -mfpu=fpv4-sp-d16 -mfloat-abi=hard -mthumb -Wl,--start-group -lc -lm -Wl,--end-group
Finished building target: UART_ADC.elf
 
arm-none-eabi-size   UART_ADC.elf 
arm-none-eabi-objdump -h -S  UART_ADC.elf  > "UART_ADC.list"
   text	   data	    bss	    dec	    hex	filename
  22140	    100	   3940	  26180	   6644	UART_ADC.elf
Finished building: default.size.stdout
 
Finished building: UART_ADC.list
 
23:58:16 **** Incremental Build of configuration Debug for project UART_ADC ****
make -j12 all 
arm-none-eabi-gcc "../Core/Src/main.c" -mcpu=cortex-m4 -std=gnu11 -g3 -DDEBUG -DUSE_HAL_DRIVER -DSTM32F429xx -c -I../Core/Inc -I../Drivers/STM32F4xx_HAL_Driver/Inc -I../Drivers/STM32F4xx_HAL_Driver/Inc/Legacy -I../Drivers/CMSIS/Device/ST/STM32F4xx/Include -I../Drivers/CMSIS/Include -O0 -ffunction-sections -fdata-sections -Wall -fstack-usage -fcyclomatic-complexity -MMD -MP -MF"Core/Src/main.d" -MT"Core/Src/main.o" --specs=nano.specs -mfpu=fpv4-sp-d16 -mfloat-abi=hard -mthumb -o "Core/Src/main.o"
../Core/Src/main.c: In function 'main':
../Core/Src/main.c:158:31: warning: character constant too long for its type
  158 |                   led_value = 'Green(LD1)';
      |                               ^~~~~~~~~~~~
../Core/Src/main.c:158:31: warning: unsigned conversion from 'int' to 'char' changes value from '1279537449' to '41' [-Woverflow]
../Core/Src/main.c:164:31: warning: character constant too long for its type
  164 |                   led_value = 'Blue(LD2)';
      |                               ^~~~~~~~~~~
../Core/Src/main.c:164:31: warning: unsigned conversion from 'int' to 'char' changes value from '1279537705' to '41' [-Woverflow]
../Core/Src/main.c:170:31: warning: character constant too long for its type
  170 |                   led_value = 'Red(LD3)';
      |                               ^~~~~~~~~~
../Core/Src/main.c:170:31: warning: unsigned conversion from 'int' to 'char' changes value from '1279537961' to '41' [-Woverflow]
arm-none-eabi-gcc -o "UART_ADC.elf" @"objects.list"   -mcpu=cortex-m4 -T"D:\Nelly\workspace\STM32CubeIDE\UART_ADC\STM32F429ZITX_FLASH.ld" --specs=nosys.specs -Wl,-Map="UART_ADC.map" -Wl,--gc-sections -static --specs=nano.specs -mfpu=fpv4-sp-d16 -mfloat-abi=hard -mthumb -Wl,--start-group -lc -lm -Wl,--end-group
Finished building target: UART_ADC.elf
 
arm-none-eabi-size   UART_ADC.elf 
arm-none-eabi-objdump -h -S  UART_ADC.elf  > "UART_ADC.list"
   text	   data	    bss	    dec	    hex	filename
  22092	    100	   3940	  26132	   6614	UART_ADC.elf
Finished building: default.size.stdout
 
Finished building: UART_ADC.list
 
23:58:49 **** Incremental Build of configuration Debug for project UART_ADC ****
make -j12 all 
arm-none-eabi-gcc "../Core/Src/main.c" -mcpu=cortex-m4 -std=gnu11 -g3 -DDEBUG -DUSE_HAL_DRIVER -DSTM32F429xx -c -I../Core/Inc -I../Drivers/STM32F4xx_HAL_Driver/Inc -I../Drivers/STM32F4xx_HAL_Driver/Inc/Legacy -I../Drivers/CMSIS/Device/ST/STM32F4xx/Include -I../Drivers/CMSIS/Include -O0 -ffunction-sections -fdata-sections -Wall -fstack-usage -fcyclomatic-complexity -MMD -MP -MF"Core/Src/main.d" -MT"Core/Src/main.o" --specs=nano.specs -mfpu=fpv4-sp-d16 -mfloat-abi=hard -mthumb -o "Core/Src/main.o"
../Core/Src/main.c: In function 'main':
../Core/Src/main.c:158:31: warning: character constant too long for its type
  158 |                   led_value = 'Green(LD1)';
      |                               ^~~~~~~~~~~~
../Core/Src/main.c:158:29: error: assignment to expression with array type
  158 |                   led_value = 'Green(LD1)';
      |                             ^
../Core/Src/main.c:164:31: warning: character constant too long for its type
  164 |                   led_value = 'Blue(LD2)';
      |                               ^~~~~~~~~~~
../Core/Src/main.c:164:29: error: assignment to expression with array type
  164 |                   led_value = 'Blue(LD2)';
      |                             ^
../Core/Src/main.c:170:31: warning: character constant too long for its type
  170 |                   led_value = 'Red(LD3)';
      |                               ^~~~~~~~~~
../Core/Src/main.c:170:29: error: assignment to expression with array type
  170 |                   led_value = 'Red(LD3)';
      |                             ^
make: *** [Core/Src/subdir.mk:49: Core/Src/main.o] Error 1
"make -j12 all" terminated with exit code 2. Build might be incomplete.
23:59:11 **** Incremental Build of configuration Debug for project UART_ADC ****
make -j12 all 
arm-none-eabi-gcc "../Core/Src/main.c" -mcpu=cortex-m4 -std=gnu11 -g3 -DDEBUG -DUSE_HAL_DRIVER -DSTM32F429xx -c -I../Core/Inc -I../Drivers/STM32F4xx_HAL_Driver/Inc -I../Drivers/STM32F4xx_HAL_Driver/Inc/Legacy -I../Drivers/CMSIS/Device/ST/STM32F4xx/Include -I../Drivers/CMSIS/Include -O0 -ffunction-sections -fdata-sections -Wall -fstack-usage -fcyclomatic-complexity -MMD -MP -MF"Core/Src/main.d" -MT"Core/Src/main.o" --specs=nano.specs -mfpu=fpv4-sp-d16 -mfloat-abi=hard -mthumb -o "Core/Src/main.o"
../Core/Src/main.c: In function 'main':
../Core/Src/main.c:158:31: warning: character constant too long for its type
  158 |                   led_value = 'Green(LD1)';
      |                               ^~~~~~~~~~~~
../Core/Src/main.c:158:29: error: 'led_value' has an incomplete type 'char[]'
  158 |                   led_value = 'Green(LD1)';
      |                             ^
../Core/Src/main.c:164:31: warning: character constant too long for its type
  164 |                   led_value = 'Blue(LD2)';
      |                               ^~~~~~~~~~~
../Core/Src/main.c:164:29: error: 'led_value' has an incomplete type 'char[]'
  164 |                   led_value = 'Blue(LD2)';
      |                             ^
../Core/Src/main.c:170:31: warning: character constant too long for its type
  170 |                   led_value = 'Red(LD3)';
      |                               ^~~~~~~~~~
../Core/Src/main.c:170:29: error: 'led_value' has an incomplete type 'char[]'
  170 |                   led_value = 'Red(LD3)';
      |                             ^
../Core/Src/main.c: At top level:
../Core/Src/main.c:55:6: warning: array 'led_value' assumed to have one element
   55 | char led_value[];
      |      ^~~~~~~~~
make: *** [Core/Src/subdir.mk:49: Core/Src/main.o] Error 1
"make -j12 all" terminated with exit code 2. Build might be incomplete.
23:59:52 **** Incremental Build of configuration Debug for project UART_ADC ****
make -j12 all 
arm-none-eabi-gcc "../Core/Src/main.c" -mcpu=cortex-m4 -std=gnu11 -g3 -DDEBUG -DUSE_HAL_DRIVER -DSTM32F429xx -c -I../Core/Inc -I../Drivers/STM32F4xx_HAL_Driver/Inc -I../Drivers/STM32F4xx_HAL_Driver/Inc/Legacy -I../Drivers/CMSIS/Device/ST/STM32F4xx/Include -I../Drivers/CMSIS/Include -O0 -ffunction-sections -fdata-sections -Wall -fstack-usage -fcyclomatic-complexity -MMD -MP -MF"Core/Src/main.d" -MT"Core/Src/main.o" --specs=nano.specs -mfpu=fpv4-sp-d16 -mfloat-abi=hard -mthumb -o "Core/Src/main.o"
../Core/Src/main.c: In function 'main':
../Core/Src/main.c:158:31: warning: character constant too long for its type
  158 |                   led_value = 'Green(LD1)';
      |                               ^~~~~~~~~~~~
../Core/Src/main.c:158:29: error: assignment to expression with array type
  158 |                   led_value = 'Green(LD1)';
      |                             ^
../Core/Src/main.c:164:31: warning: character constant too long for its type
  164 |                   led_value = 'Blue(LD2)';
      |                               ^~~~~~~~~~~
../Core/Src/main.c:164:29: error: assignment to expression with array type
  164 |                   led_value = 'Blue(LD2)';
      |                             ^
../Core/Src/main.c:170:31: warning: character constant too long for its type
  170 |                   led_value = 'Red(LD3)';
      |                               ^~~~~~~~~~
../Core/Src/main.c:170:29: error: assignment to expression with array type
  170 |                   led_value = 'Red(LD3)';
      |                             ^
make: *** [Core/Src/subdir.mk:49: Core/Src/main.o] Error 1
"make -j12 all" terminated with exit code 2. Build might be incomplete.
00:00:08 **** Incremental Build of configuration Debug for project UART_ADC ****
make -j12 all 
arm-none-eabi-gcc "../Core/Src/main.c" -mcpu=cortex-m4 -std=gnu11 -g3 -DDEBUG -DUSE_HAL_DRIVER -DSTM32F429xx -c -I../Core/Inc -I../Drivers/STM32F4xx_HAL_Driver/Inc -I../Drivers/STM32F4xx_HAL_Driver/Inc/Legacy -I../Drivers/CMSIS/Device/ST/STM32F4xx/Include -I../Drivers/CMSIS/Include -O0 -ffunction-sections -fdata-sections -Wall -fstack-usage -fcyclomatic-complexity -MMD -MP -MF"Core/Src/main.d" -MT"Core/Src/main.o" --specs=nano.specs -mfpu=fpv4-sp-d16 -mfloat-abi=hard -mthumb -o "Core/Src/main.o"
../Core/Src/main.c: In function 'main':
../Core/Src/main.c:158:31: warning: character constant too long for its type
  158 |                   led_value = 'Green(LD1)';
      |                               ^~~~~~~~~~~~
../Core/Src/main.c:158:31: warning: unsigned conversion from 'int' to 'char' changes value from '1279537449' to '41' [-Woverflow]
../Core/Src/main.c:164:31: warning: character constant too long for its type
  164 |                   led_value = 'Blue(LD2)';
      |                               ^~~~~~~~~~~
../Core/Src/main.c:164:31: warning: unsigned conversion from 'int' to 'char' changes value from '1279537705' to '41' [-Woverflow]
../Core/Src/main.c:170:31: warning: character constant too long for its type
  170 |                   led_value = 'Red(LD3)';
      |                               ^~~~~~~~~~
../Core/Src/main.c:170:31: warning: unsigned conversion from 'int' to 'char' changes value from '1279537961' to '41' [-Woverflow]
arm-none-eabi-gcc -o "UART_ADC.elf" @"objects.list"   -mcpu=cortex-m4 -T"D:\Nelly\workspace\STM32CubeIDE\UART_ADC\STM32F429ZITX_FLASH.ld" --specs=nosys.specs -Wl,-Map="UART_ADC.map" -Wl,--gc-sections -static --specs=nano.specs -mfpu=fpv4-sp-d16 -mfloat-abi=hard -mthumb -Wl,--start-group -lc -lm -Wl,--end-group
Finished building target: UART_ADC.elf
 
arm-none-eabi-size   UART_ADC.elf 
arm-none-eabi-objdump -h -S  UART_ADC.elf  > "UART_ADC.list"
   text	   data	    bss	    dec	    hex	filename
  22092	    100	   3940	  26132	   6614	UART_ADC.elf
Finished building: default.size.stdout
 
Finished building: UART_ADC.list
 
00:01:53 **** Incremental Build of configuration Debug for project UART_ADC ****
make -j12 all 
arm-none-eabi-gcc "../Core/Src/main.c" -mcpu=cortex-m4 -std=gnu11 -g3 -DDEBUG -DUSE_HAL_DRIVER -DSTM32F429xx -c -I../Core/Inc -I../Drivers/STM32F4xx_HAL_Driver/Inc -I../Drivers/STM32F4xx_HAL_Driver/Inc/Legacy -I../Drivers/CMSIS/Device/ST/STM32F4xx/Include -I../Drivers/CMSIS/Include -O0 -ffunction-sections -fdata-sections -Wall -fstack-usage -fcyclomatic-complexity -MMD -MP -MF"Core/Src/main.d" -MT"Core/Src/main.o" --specs=nano.specs -mfpu=fpv4-sp-d16 -mfloat-abi=hard -mthumb -o "Core/Src/main.o"
../Core/Src/main.c: In function 'main':
../Core/Src/main.c:158:31: warning: character constant too long for its type
  158 |                   led_value = 'Green(LD1)';
      |                               ^~~~~~~~~~~~
../Core/Src/main.c:158:31: warning: unsigned conversion from 'int' to 'char' changes value from '1279537449' to '41' [-Woverflow]
../Core/Src/main.c:164:31: warning: character constant too long for its type
  164 |                   led_value = 'Blue(LD2)';
      |                               ^~~~~~~~~~~
../Core/Src/main.c:164:31: warning: unsigned conversion from 'int' to 'char' changes value from '1279537705' to '41' [-Woverflow]
../Core/Src/main.c:170:31: warning: character constant too long for its type
  170 |                   led_value = 'Red(LD3)';
      |                               ^~~~~~~~~~
../Core/Src/main.c:170:31: warning: unsigned conversion from 'int' to 'char' changes value from '1279537961' to '41' [-Woverflow]
../Core/Src/main.c:176:62: warning: ', Up/Down Value: ' directive writing 17 bytes into a region of size between 0 and 4 [-Wformat-overflow=]
  176 |           sprintf(uart_buf, "ADC Value: %d, LED State: %c, Up/Down Value: %d \r\n", adc_value, led_value, counter);
      |                                                          ~~~~^~~~~~~~~~~~~
../Core/Src/main.c:176:11: note: 'sprintf' output between 48 and 68 bytes into a destination of size 30
  176 |           sprintf(uart_buf, "ADC Value: %d, LED State: %c, Up/Down Value: %d \r\n", adc_value, led_value, counter);
      |           ^~~~~~~~~~~~~~~~~~~~~~~~~~~~~~~~~~~~~~~~~~~~~~~~~~~~~~~~~~~~~~~~~~~~~~~~~~~~~~~~~~~~~~~~~~~~~~~~~~~~~~~~
arm-none-eabi-gcc -o "UART_ADC.elf" @"objects.list"   -mcpu=cortex-m4 -T"D:\Nelly\workspace\STM32CubeIDE\UART_ADC\STM32F429ZITX_FLASH.ld" --specs=nosys.specs -Wl,-Map="UART_ADC.map" -Wl,--gc-sections -static --specs=nano.specs -mfpu=fpv4-sp-d16 -mfloat-abi=hard -mthumb -Wl,--start-group -lc -lm -Wl,--end-group
Finished building target: UART_ADC.elf
 
arm-none-eabi-size   UART_ADC.elf 
arm-none-eabi-objdump -h -S  UART_ADC.elf  > "UART_ADC.list"
   text	   data	    bss	    dec	    hex	filename
  22140	    100	   3940	  26180	   6644	UART_ADC.elf
Finished building: default.size.stdout
 
Finished building: UART_ADC.list
 
00:09:01 **** Incremental Build of configuration Debug for project UART_ADC ****
make -j12 all 
arm-none-eabi-gcc "../Core/Src/main.c" -mcpu=cortex-m4 -std=gnu11 -g3 -DDEBUG -DUSE_HAL_DRIVER -DSTM32F429xx -c -I../Core/Inc -I../Drivers/STM32F4xx_HAL_Driver/Inc -I../Drivers/STM32F4xx_HAL_Driver/Inc/Legacy -I../Drivers/CMSIS/Device/ST/STM32F4xx/Include -I../Drivers/CMSIS/Include -O0 -ffunction-sections -fdata-sections -Wall -fstack-usage -fcyclomatic-complexity -MMD -MP -MF"Core/Src/main.d" -MT"Core/Src/main.o" --specs=nano.specs -mfpu=fpv4-sp-d16 -mfloat-abi=hard -mthumb -o "Core/Src/main.o"
../Core/Src/main.c: In function 'main':
../Core/Src/main.c:176:56: warning: '%s' directive writing up to 31 bytes into a region of size between 0 and 5 [-Wformat-overflow=]
  176 |           sprintf(uart_buf, "ADC Value: %d, LED State: %s, Up/Down Value: %d \r\n", adc_value, led_value, counter);
      |                                                        ^~                                      ~~~~~~~~~
../Core/Src/main.c:176:11: note: 'sprintf' output between 47 and 98 bytes into a destination of size 30
  176 |           sprintf(uart_buf, "ADC Value: %d, LED State: %s, Up/Down Value: %d \r\n", adc_value, led_value, counter);
      |           ^~~~~~~~~~~~~~~~~~~~~~~~~~~~~~~~~~~~~~~~~~~~~~~~~~~~~~~~~~~~~~~~~~~~~~~~~~~~~~~~~~~~~~~~~~~~~~~~~~~~~~~~
arm-none-eabi-gcc -o "UART_ADC.elf" @"objects.list"   -mcpu=cortex-m4 -T"D:\Nelly\workspace\STM32CubeIDE\UART_ADC\STM32F429ZITX_FLASH.ld" --specs=nosys.specs -Wl,-Map="UART_ADC.map" -Wl,--gc-sections -static --specs=nano.specs -mfpu=fpv4-sp-d16 -mfloat-abi=hard -mthumb -Wl,--start-group -lc -lm -Wl,--end-group
Finished building target: UART_ADC.elf
 
arm-none-eabi-size   UART_ADC.elf 
arm-none-eabi-objdump -h -S  UART_ADC.elf  > "UART_ADC.list"
   text	   data	    bss	    dec	    hex	filename
  22200	    132	   3940	  26272	   66a0	UART_ADC.elf
Finished building: default.size.stdout
 
Finished building: UART_ADC.list
 
00:09:52 **** Incremental Build of configuration Debug for project UART_ADC ****
make -j12 all 
arm-none-eabi-size   UART_ADC.elf 
   text	   data	    bss	    dec	    hex	filename
  22200	    132	   3940	  26272	   66a0	UART_ADC.elf
Finished building: default.size.stdout
 
00:10:52 **** Incremental Build of configuration Debug for project UART_ADC ****
make -j12 all 
arm-none-eabi-gcc "../Core/Src/main.c" -mcpu=cortex-m4 -std=gnu11 -g3 -DDEBUG -DUSE_HAL_DRIVER -DSTM32F429xx -c -I../Core/Inc -I../Drivers/STM32F4xx_HAL_Driver/Inc -I../Drivers/STM32F4xx_HAL_Driver/Inc/Legacy -I../Drivers/CMSIS/Device/ST/STM32F4xx/Include -I../Drivers/CMSIS/Include -O0 -ffunction-sections -fdata-sections -Wall -fstack-usage -fcyclomatic-complexity -MMD -MP -MF"Core/Src/main.d" -MT"Core/Src/main.o" --specs=nano.specs -mfpu=fpv4-sp-d16 -mfloat-abi=hard -mthumb -o "Core/Src/main.o"
arm-none-eabi-gcc -o "UART_ADC.elf" @"objects.list"   -mcpu=cortex-m4 -T"D:\Nelly\workspace\STM32CubeIDE\UART_ADC\STM32F429ZITX_FLASH.ld" --specs=nosys.specs -Wl,-Map="UART_ADC.map" -Wl,--gc-sections -static --specs=nano.specs -mfpu=fpv4-sp-d16 -mfloat-abi=hard -mthumb -Wl,--start-group -lc -lm -Wl,--end-group
Finished building target: UART_ADC.elf
 
arm-none-eabi-size   UART_ADC.elf 
arm-none-eabi-objdump -h -S  UART_ADC.elf  > "UART_ADC.list"
   text	   data	    bss	    dec	    hex	filename
  22160	    132	   3940	  26232	   6678	UART_ADC.elf
Finished building: default.size.stdout
 
Finished building: UART_ADC.list
 
00:14:06 **** Incremental Build of configuration Debug for project UART_ADC ****
make -j12 all 
arm-none-eabi-gcc "../Core/Src/main.c" -mcpu=cortex-m4 -std=gnu11 -g3 -DDEBUG -DUSE_HAL_DRIVER -DSTM32F429xx -c -I../Core/Inc -I../Drivers/STM32F4xx_HAL_Driver/Inc -I../Drivers/STM32F4xx_HAL_Driver/Inc/Legacy -I../Drivers/CMSIS/Device/ST/STM32F4xx/Include -I../Drivers/CMSIS/Include -O0 -ffunction-sections -fdata-sections -Wall -fstack-usage -fcyclomatic-complexity -MMD -MP -MF"Core/Src/main.d" -MT"Core/Src/main.o" --specs=nano.specs -mfpu=fpv4-sp-d16 -mfloat-abi=hard -mthumb -o "Core/Src/main.o"
arm-none-eabi-gcc -o "UART_ADC.elf" @"objects.list"   -mcpu=cortex-m4 -T"D:\Nelly\workspace\STM32CubeIDE\UART_ADC\STM32F429ZITX_FLASH.ld" --specs=nosys.specs -Wl,-Map="UART_ADC.map" -Wl,--gc-sections -static --specs=nano.specs -mfpu=fpv4-sp-d16 -mfloat-abi=hard -mthumb -Wl,--start-group -lc -lm -Wl,--end-group
Finished building target: UART_ADC.elf
 
arm-none-eabi-size   UART_ADC.elf 
arm-none-eabi-objdump -h -S  UART_ADC.elf  > "UART_ADC.list"
   text	   data	    bss	    dec	    hex	filename
  22224	    132	   4004	  26360	   66f8	UART_ADC.elf
Finished building: default.size.stdout
 
Finished building: UART_ADC.list
 
