16:13:37 **** Incremental Build of configuration Debug for project RTC_CLOCK ****
make -j8 all 
arm-none-eabi-gcc "../Core/Src/main.c" -mcpu=cortex-m4 -std=gnu11 -g3 -DDEBUG -DUSE_HAL_DRIVER -DSTM32F429xx -c -I../Core/Inc -I../Drivers/STM32F4xx_HAL_Driver/Inc -I../Drivers/STM32F4xx_HAL_Driver/Inc/Legacy -I../Drivers/CMSIS/Device/ST/STM32F4xx/Include -I../Drivers/CMSIS/Include -O0 -ffunction-sections -fdata-sections -Wall -fstack-usage -fcyclomatic-complexity -MMD -MP -MF"Core/Src/main.d" -MT"Core/Src/main.o" --specs=nano.specs -mfpu=fpv4-sp-d16 -mfloat-abi=hard -mthumb -o "Core/Src/main.o"
../Core/Src/main.c:60:16: warning: 'DownButton_flag' defined but not used [-Wunused-variable]
   60 | static uint8_t DownButton_flag = 0;
      |                ^~~~~~~~~~~~~~~
../Core/Src/main.c:59:16: warning: 'UpButton_flag' defined but not used [-Wunused-variable]
   59 | static uint8_t UpButton_flag = 0;
      |                ^~~~~~~~~~~~~
arm-none-eabi-gcc -o "RTC_CLOCK.elf" @"objects.list"   -mcpu=cortex-m4 -T"C:\Users\CHOI_JIN_WOO\Desktop\workspace\STM32CubeIDE\RTC_CLOCK\STM32F429ZITX_FLASH.ld" --specs=nosys.specs -Wl,-Map="RTC_CLOCK.map" -Wl,--gc-sections -static --specs=nano.specs -mfpu=fpv4-sp-d16 -mfloat-abi=hard -mthumb -Wl,--start-group -lc -lm -Wl,--end-group
Finished building target: RTC_CLOCK.elf
 
arm-none-eabi-size   RTC_CLOCK.elf 
arm-none-eabi-objdump -h -S  RTC_CLOCK.elf  > "RTC_CLOCK.list"
   text	   data	    bss	    dec	    hex	filename
  23356	    108	   4100	  27564	   6bac	RTC_CLOCK.elf
Finished building: default.size.stdout
 
Finished building: RTC_CLOCK.list
 

16:13:38 Build Finished. 0 errors, 2 warnings. (took 1s.73ms)

