../Core/Src/main.c:75:6:get_time	16	static
../Core/Src/main.c:104:6:delay_us	16	static
../Core/Src/main.c:108:6:Set_Pin_Output	40	static
../Core/Src/main.c:117:6:Set_Pin_Input	40	static
../Core/Src/main.c:125:6:DHT11_Start	8	static
../Core/Src/main.c:132:9:DHT11_Check_Response	16	static
../Core/Src/main.c:146:9:DHT11_Read	16	static
../Core/Src/main.c:168:5:main	8	static
../Core/Src/main.c:260:6:SystemClock_Config	88	static
../Core/Src/main.c:306:13:MX_NVIC_Init	8	static
../Core/Src/main.c:320:6:HAL_GPIO_EXTI_Callback	16	static
../Core/Src/main.c:442:6:Error_Handler	4	static,ignoring_inline_asm
