../Core/Src/main.c:76:6:get_time	16	static
../Core/Src/main.c:105:6:delay_us	16	static
../Core/Src/main.c:109:6:Set_Pin_Output	40	static
../Core/Src/main.c:118:6:Set_Pin_Input	40	static
../Core/Src/main.c:126:6:DHT11_Start	8	static
../Core/Src/main.c:133:9:DHT11_Check_Response	16	static
../Core/Src/main.c:147:9:DHT11_Read	16	static
../Core/Src/main.c:169:5:main	24	static
../Core/Src/main.c:260:6:SystemClock_Config	88	static
../Core/Src/main.c:306:13:MX_NVIC_Init	8	static
../Core/Src/main.c:320:6:HAL_GPIO_EXTI_Callback	16	static
../Core/Src/main.c:442:6:Error_Handler	4	static,ignoring_inline_asm
